Component: ARM Compiler 5.06 update 4 (build 422) Tool: armlink [4d35d2]

==============================================================================

Section Cross References

    startup_lpc54608.o(RESET) refers to startup_lpc54608.o(.text) for Reset_Handler
    startup_lpc54608.o(RESET) refers to fsl_sctimer.o(i.SCT0_IRQHandler) for SCT0_IRQHandler
    startup_lpc54608.o(RESET) refers to fsl_dmic.o(i.HWVAD0_IRQHandler) for HWVAD0_IRQHandler
    startup_lpc54608.o(RESET) refers to egfx_driver_lpcxpresso_54608.o(i.LCD_IRQHandler) for LCD_IRQHandler
    startup_lpc54608.o(.text) refers to system_lpc54608.o(i.SystemInit) for SystemInit
    startup_lpc54608.o(.text) refers to entry.o(.ARM.Collect$$$$00000000) for __main
    startup_lpc54608.o(.text) refers to fsl_dma.o(i.DMA0_DriverIRQHandler) for DMA0_DriverIRQHandler
    startup_lpc54608.o(.text) refers to fsl_gint.o(i.GINT0_DriverIRQHandler) for GINT0_DriverIRQHandler
    startup_lpc54608.o(.text) refers to fsl_gint.o(i.GINT1_DriverIRQHandler) for GINT1_DriverIRQHandler
    startup_lpc54608.o(.text) refers to fsl_pint.o(i.PIN_INT0_DriverIRQHandler) for PIN_INT0_DriverIRQHandler
    startup_lpc54608.o(.text) refers to fsl_pint.o(i.PIN_INT1_DriverIRQHandler) for PIN_INT1_DriverIRQHandler
    startup_lpc54608.o(.text) refers to fsl_pint.o(i.PIN_INT2_DriverIRQHandler) for PIN_INT2_DriverIRQHandler
    startup_lpc54608.o(.text) refers to fsl_pint.o(i.PIN_INT3_DriverIRQHandler) for PIN_INT3_DriverIRQHandler
    startup_lpc54608.o(.text) refers to fsl_utick.o(i.UTICK0_DriverIRQHandler) for UTICK0_DriverIRQHandler
    startup_lpc54608.o(.text) refers to fsl_ctimer.o(i.CTIMER0_DriverIRQHandler) for CTIMER0_DriverIRQHandler
    startup_lpc54608.o(.text) refers to fsl_ctimer.o(i.CTIMER1_DriverIRQHandler) for CTIMER1_DriverIRQHandler
    startup_lpc54608.o(.text) refers to fsl_ctimer.o(i.CTIMER3_DriverIRQHandler) for CTIMER3_DriverIRQHandler
    startup_lpc54608.o(.text) refers to fsl_flexcomm.o(i.FLEXCOMM0_DriverIRQHandler) for FLEXCOMM0_DriverIRQHandler
    startup_lpc54608.o(.text) refers to fsl_flexcomm.o(i.FLEXCOMM1_DriverIRQHandler) for FLEXCOMM1_DriverIRQHandler
    startup_lpc54608.o(.text) refers to fsl_flexcomm.o(i.FLEXCOMM2_DriverIRQHandler) for FLEXCOMM2_DriverIRQHandler
    startup_lpc54608.o(.text) refers to fsl_flexcomm.o(i.FLEXCOMM3_DriverIRQHandler) for FLEXCOMM3_DriverIRQHandler
    startup_lpc54608.o(.text) refers to fsl_flexcomm.o(i.FLEXCOMM4_DriverIRQHandler) for FLEXCOMM4_DriverIRQHandler
    startup_lpc54608.o(.text) refers to fsl_flexcomm.o(i.FLEXCOMM5_DriverIRQHandler) for FLEXCOMM5_DriverIRQHandler
    startup_lpc54608.o(.text) refers to main.o(i.FLEXCOMM6_DriverIRQHandler) for FLEXCOMM6_DriverIRQHandler
    startup_lpc54608.o(.text) refers to main.o(i.FLEXCOMM7_DriverIRQHandler) for FLEXCOMM7_DriverIRQHandler
    startup_lpc54608.o(.text) refers to fsl_dmic.o(i.DMIC0_DriverIRQHandler) for DMIC0_DriverIRQHandler
    startup_lpc54608.o(.text) refers to fsl_pint.o(i.PIN_INT4_DriverIRQHandler) for PIN_INT4_DriverIRQHandler
    startup_lpc54608.o(.text) refers to fsl_pint.o(i.PIN_INT5_DriverIRQHandler) for PIN_INT5_DriverIRQHandler
    startup_lpc54608.o(.text) refers to fsl_pint.o(i.PIN_INT6_DriverIRQHandler) for PIN_INT6_DriverIRQHandler
    startup_lpc54608.o(.text) refers to fsl_pint.o(i.PIN_INT7_DriverIRQHandler) for PIN_INT7_DriverIRQHandler
    startup_lpc54608.o(.text) refers to fsl_ctimer.o(i.CTIMER2_DriverIRQHandler) for CTIMER2_DriverIRQHandler
    startup_lpc54608.o(.text) refers to fsl_ctimer.o(i.CTIMER4_DriverIRQHandler) for CTIMER4_DriverIRQHandler
    startup_lpc54608.o(.text) refers to fsl_flexcomm.o(i.FLEXCOMM8_DriverIRQHandler) for FLEXCOMM8_DriverIRQHandler
    startup_lpc54608.o(.text) refers to fsl_flexcomm.o(i.FLEXCOMM9_DriverIRQHandler) for FLEXCOMM9_DriverIRQHandler
    startup_lpc54608.o(.text) refers to fsl_sdif.o(i.SDIO_DriverIRQHandler) for SDIO_DriverIRQHandler
    startup_lpc54608.o(.text) refers to fsl_mcan.o(i.CAN0_IRQ0_DriverIRQHandler) for CAN0_IRQ0_DriverIRQHandler
    startup_lpc54608.o(.text) refers to fsl_mcan.o(i.CAN0_IRQ1_DriverIRQHandler) for CAN0_IRQ1_DriverIRQHandler
    startup_lpc54608.o(.text) refers to fsl_mcan.o(i.CAN1_IRQ0_DriverIRQHandler) for CAN1_IRQ0_DriverIRQHandler
    startup_lpc54608.o(.text) refers to fsl_mcan.o(i.CAN1_IRQ1_DriverIRQHandler) for CAN1_IRQ1_DriverIRQHandler
    startup_lpc54608.o(.text) refers to fsl_enet.o(i.ETHERNET_DriverIRQHandler) for ETHERNET_DriverIRQHandler
    system_lpc54608.o(i.SystemCoreClockUpdate) refers to system_lpc54608.o(i.getWdtOscFreq) for getWdtOscFreq
    system_lpc54608.o(i.SystemCoreClockUpdate) refers to system_lpc54608.o(i.findPllPreDiv) for findPllPreDiv
    system_lpc54608.o(i.SystemCoreClockUpdate) refers to system_lpc54608.o(i.findPllPostDiv) for findPllPostDiv
    system_lpc54608.o(i.SystemCoreClockUpdate) refers to system_lpc54608.o(i.findPllMMult) for findPllMMult
[...]
    POWER_SetPLL                             0x00004561   Thumb Code    24  fsl_power_lib.o(i.POWER_SetPLL)
    POWER_SetVoltageForFreq                  0x00004581   Thumb Code   110  fsl_power_lib.o(i.POWER_SetVoltageForFreq)
    POWER_setVdLevel                         0x000045f5   Thumb Code    14  fsl_power_lib.o(i.POWER_setVdLevel)
    RESET_ClearPeripheralReset               0x00004609   Thumb Code    80  fsl_reset.o(i.RESET_ClearPeripheralReset)
    RESET_PeripheralReset                    0x00004689   Thumb Code    18  fsl_reset.o(i.RESET_PeripheralReset)
    RESET_SetPeripheralReset                 0x0000469d   Thumb Code    80  fsl_reset.o(i.RESET_SetPeripheralReset)
    SCT0_IRQHandler                          0x0000471d   Thumb Code    12  fsl_sctimer.o(i.SCT0_IRQHandler)
    SCTIMER_CreateAndScheduleEvent           0x00004731   Thumb Code   456  fsl_sctimer.o(i.SCTIMER_CreateAndScheduleEvent)
    SCTIMER_EventHandleIRQ                   0x00004909   Thumb Code    72  fsl_sctimer.o(i.SCTIMER_EventHandleIRQ)
    SCTIMER_GetDefaultConfig                 0x00004959   Thumb Code    40  fsl_sctimer.o(i.SCTIMER_GetDefaultConfig)
    SCTIMER_Init                             0x00004a15   Thumb Code   222  fsl_sctimer.o(i.SCTIMER_Init)
    SCTIMER_SetupPwm                         0x00004b79   Thumb Code   426  fsl_sctimer.o(i.SCTIMER_SetupPwm)
    SDIO_DriverIRQHandler                    0x00004d6d   Thumb Code    36  fsl_sdif.o(i.SDIO_DriverIRQHandler)
    SPIFI_GetDefaultConfig                   0x00004dc5   Thumb Code    30  fsl_spifi.o(i.SPIFI_GetDefaultConfig)
    SPIFI_GetInstance                        0x00004de5   Thumb Code    46  fsl_spifi.o(i.SPIFI_GetInstance)
    SPIFI_Init                               0x00004e59   Thumb Code   166  fsl_spifi.o(i.SPIFI_Init)
    SPIFI_SetCommand                         0x00004f2d   Thumb Code   108  fsl_spifi.o(i.SPIFI_SetCommand)
    SPIFI_SetMemoryCommand                   0x00004f99   Thumb Code    66  fsl_spifi.o(i.SPIFI_SetMemoryCommand)
    SystemInit                               0x00004fdd   Thumb Code    28  system_lpc54608.o(i.SystemInit)
    USART_GetDefaultConfig                   0x00005005   Thumb Code    48  fsl_usart.o(i.USART_GetDefaultConfig)
    USART_Init                               0x0000505d   Thumb Code   226  fsl_usart.o(i.USART_Init)
    USART_ReadBlocking                       0x00005195   Thumb Code   188  fsl_usart.o(i.USART_ReadBlocking)
    USART_SetBaudRate                        0x0000528d   Thumb Code   152  fsl_usart.o(i.USART_SetBaudRate)
    USART_WriteBlocking                      0x0000537d   Thumb Code    92  fsl_usart.o(i.USART_WriteBlocking)
    UTICK0_DriverIRQHandler                  0x00005415   Thumb Code    16  fsl_utick.o(i.UTICK0_DriverIRQHandler)
    WM8904_GetDefaultConfig                  0x00005431   Thumb Code    26  fsl_wm8904.o(i.WM8904_GetDefaultConfig)
    WM8904_Init                              0x0000544b   Thumb Code   548  fsl_wm8904.o(i.WM8904_Init)
    WM8904_SetAudioFormat                    0x000056f9   Thumb Code    94  fsl_wm8904.o(i.WM8904_SetAudioFormat)
    WM8904_SetMasterSlave                    0x00005757   Thumb Code    12  fsl_wm8904.o(i.WM8904_SetMasterSlave)
    WM8904_SetProtocol                       0x00005763   Thumb Code    20  fsl_wm8904.o(i.WM8904_SetProtocol)
    WM8904_SetVolume                         0x00005777   Thumb Code    58  fsl_wm8904.o(i.WM8904_SetVolume)
    __0vsnprintf                             0x00005821   Thumb Code    40  printfa.o(i.__0vsnprintf)
    __1vsnprintf                             0x00005821   Thumb Code     0  printfa.o(i.__0vsnprintf)
    __2vsnprintf                             0x00005821   Thumb Code     0  printfa.o(i.__0vsnprintf)
    __c89vsnprintf                           0x00005821   Thumb Code     0  printfa.o(i.__0vsnprintf)
    vsnprintf                                0x00005821   Thumb Code     0  printfa.o(i.__0vsnprintf)
    __aeabi_assert                           0x0000584d   Thumb Code    24  fsl_common.o(i.__aeabi_assert)
    __scatterload_copy                       0x00005891   Thumb Code    14  handlers.o(i.__scatterload_copy)
    __scatterload_null                       0x0000589f   Thumb Code     2  handlers.o(i.__scatterload_null)
    __scatterload_zeroinit                   0x000058a1   Thumb Code    14  handlers.o(i.__scatterload_zeroinit)
    arm_cfft_f32                             0x00006179   Thumb Code   204  arm_cfft_f32.o(i.arm_cfft_f32)
    arm_cfft_radix8by2_f32                   0x00006245   Thumb Code   392  arm_cfft_f32.o(i.arm_cfft_radix8by2_f32)
    arm_cfft_radix8by4_f32                   0x000063cd   Thumb Code  1068  arm_cfft_f32.o(i.arm_cfft_radix8by4_f32)
    arm_cmplx_mag_squared_f32                0x000067f9   Thumb Code   146  arm_cmplx_mag_squared_f32.o(i.arm_cmplx_mag_squared_f32)
    arm_radix8_butterfly_f32                 0x0000688d   Thumb Code  1220  arm_cfft_radix8_f32.o(i.arm_radix8_butterfly_f32)
    arm_rfft_fast_f32                        0x00006d51   Thumb Code    68  arm_rfft_fast_f32.o(i.arm_rfft_fast_f32)
    arm_rfft_fast_init_f32                   0x00006d95   Thumb Code   198  arm_rfft_fast_init_f32.o(i.arm_rfft_fast_init_f32)
    check_if_finish                          0x00006ebd   Thumb Code    46  board.o(i.check_if_finish)
    clearDisk                                0x00006ef5   Thumb Code   178  main.o(i.clearDisk)
    delay                                    0x00006fb5   Thumb Code    12  main.o(i.delay)
    eGFX_BitStreamGet                        0x00006fc1   Thumb Code    20  egfx.o(i.eGFX_BitStreamGet)
    eGFX_BitStreamPut                        0x00006fd5   Thumb Code    36  egfx.o(i.eGFX_BitStreamPut)
    eGFX_Blit                                0x00006ff9   Thumb Code    74  egfx.o(i.eGFX_Blit)
    eGFX_BlitColored                         0x00007043   Thumb Code    78  egfx.o(i.eGFX_BlitColored)
    eGFX_DrawCharacterColored                0x00007091   Thumb Code    76  egfx.o(i.eGFX_DrawCharacterColored)
    eGFX_DrawStringColored                   0x000070dd   Thumb Code    76  egfx.o(i.eGFX_DrawStringColored)
    eGFX_Dump                                0x00007129   Thumb Code    68  egfx_driver_lpcxpresso_54608.o(i.eGFX_Dump)
    eGFX_GetPixel                            0x00007179   Thumb Code   334  egfx.o(i.eGFX_GetPixel)
    eGFX_GetStringWidth                      0x000072c7   Thumb Code    66  egfx.o(i.eGFX_GetStringWidth)
    eGFX_ImagePlaneInit                      0x00007309   Thumb Code    14  egfx.o(i.eGFX_ImagePlaneInit)
    eGFX_ImagePlane_Clear                    0x00007317   Thumb Code   206  egfx.o(i.eGFX_ImagePlane_Clear)
    eGFX_InitDriver                          0x000073e5   Thumb Code    56  egfx_driver_lpcxpresso_54608.o(i.eGFX_InitDriver)
    eGFX_PutPixel                            0x00007425   Thumb Code   350  egfx.o(i.eGFX_PutPixel)
    eGFX_WaitForVSync                        0x00007585   Thumb Code    12  egfx_driver_lpcxpresso_54608.o(i.eGFX_WaitForVSync)
    eGFX_printf_Colored                      0x00007595   Thumb Code    74  egfx.o(i.eGFX_printf_Colored)
    enable_quad_mode                         0x000075e5   Thumb Code    34  board.o(i.enable_quad_mode)
    lightning                                0x0000766d   Thumb Code  1274  main.o(i.lightning)
    main                                     0x00007b69   Thumb Code  1180  main.o(i.main)
    merge_rfft_f32                           0x0000800d   Thumb Code   160  arm_rfft_fast_f32.o(i.merge_rfft_f32)
    pieChunks                                0x000080ad   Thumb Code  2648  main.o(i.pieChunks)
    setLeds                                  0x00008d79   Thumb Code    50  main.o(i.setLeds)
    showleds                                 0x00008db1   Thumb Code   230  main.o(i.showleds)
    stage_rfft_f32                           0x00008ea5   Thumb Code   170  arm_rfft_fast_f32.o(i.stage_rfft_f32)
    stopLight                                0x00008f4f   Thumb Code   206  main.o(i.stopLight)
    threshCompare                            0x0000901d   Thumb Code   166  main.o(i.threshCompare)
    g_I2S_Mclk_Freq                          0x000090e4   Data           4  fsl_clock.o(.constdata)
    g_Ext_Clk_Freq                           0x000090e8   Data           4  fsl_clock.o(.constdata)
    g_Lcd_Clk_In_Freq                        0x000090ec   Data           4  fsl_clock.o(.constdata)
    kFlexcommIrqs                            0x00009184   Data          10  fsl_flexcomm.o(.constdata)
    OCR_A_Extended__20px__Bold__SingleBitPerPixelGridFit_1BPP_FontElement_space_Data 0x00009220   Data          20  ocr_a_extended__20px__bold__singlebitperpixelgridfit_1bpp.o(.constdata)
    OCR_A_Extended__20px__Bold__SingleBitPerPixelGridFit_1BPP_FontElement_space 0x00009234   Data          12  ocr_a_extended__20px__bold__singlebitperpixelgridfit_1bpp.o(.constdata)
    OCR_A_Extended__20px__Bold__SingleBitPerPixelGridFit_1BPP_FontElement_exclamation_point_Data 0x00009240   Data          20  ocr_a_extended__20px__bold__singlebitperpixelgridfit_1bpp.o(.constdata)
    OCR_A_Extended__20px__Bold__SingleBitPerPixelGridFit_1BPP_FontElement_exclamation_point 0x00009254   Data          12  ocr_a_extended__20px__bold__singlebitperpixelgridfit_1bpp.o(.constdata)
    OCR_A_Extended__20px__Bold__SingleBitPerPixelGridFit_1BPP_FontElement_double_quotes_Data 0x00009260   Data          20  ocr_a_extended__20px__bold__singlebitperpixelgridfit_1bpp.o(.constdata)
    OCR_A_Extended__20px__Bold__SingleBitPerPixelGridFit_1BPP_FontElement_double_quotes 0x00009274   Data          12  ocr_a_extended__20px__bold__singlebitperpixelgridfit_1bpp.o(.constdata)
    OCR_A_Extended__20px__Bold__SingleBitPerPixelGridFit_1BPP_FontElement_pound_Data 0x00009280   Data          40  ocr_a_extended__20px__bold__singlebitperpixelgridfit_1bpp.o(.constdata)
    OCR_A_Extended__20px__Bold__SingleBitPerPixelGridFit_1BPP_FontElement_pound 0x000092a8   Data          12  ocr_a_extended__20px__bold__singlebitperpixelgridfit_1bpp.o(.constdata)
    OCR_A_Extended__20px__Bold__SingleBitPerPixelGridFit_1BPP_FontElement_dollar_sign_Data 0x000092b4   Data          20  ocr_a_extended__20px__bold__singlebitperpixelgridfit_1bpp.o(.constdata)
    OCR_A_Extended__20px__Bold__SingleBitPerPixelGridFit_1BPP_FontElement_dollar_sign 0x000092c8   Data          12  ocr_a_extended__20px__bold__singlebitperpixelgridfit_1bpp.o(.constdata)
    OCR_A_Extended__20px__Bold__SingleBitPerPixelGridFit_1BPP_FontElement_precent_sign_Data 0x000092d4   Data          20  ocr_a_extended__20px__bold__singlebitperpixelgridfit_1bpp.o(.constdata)
    OCR_A_Extended__20px__Bold__SingleBitPerPixelGridFit_1BPP_FontElement_precent_sign 0x000092e8   Data          12  ocr_a_extended__20px__bold__singlebitperpixelgridfit_1bpp.o(.constdata)
    OCR_A_Extended__20px__Bold__SingleBitPerPixelGridFit_1BPP_FontElement_ampersand_Data 0x000092f4   Data          20  ocr_a_extended__20px__bold__singlebitperpixelgridfit_1bpp.o(.constdata)
    OCR_A_Extended__20px__Bold__SingleBitPerPixelGridFit_1BPP_FontElement_ampersand 0x00009308   Data          12  ocr_a_extended__20px__bold__singlebitperpixelgridfit_1bpp.o(.constdata)
    OCR_A_Extended__20px__Bold__SingleBitPerPixelGridFit_1BPP_FontElement_single_quote_Data 0x00009314   Data          20  ocr_a_extended__20px__bold__singlebitperpixelgridfit_1bpp.o(.constdata)
    OCR_A_Extended__20px__Bold__SingleBitPerPixelGridFit_1BPP_FontElement_single_quote 0x00009328   Data          12  ocr_a_extended__20px__bold__singlebitperpixelgridfit_1bpp.o(.constdata)
    OCR_A_Extended__20px__Bold__SingleBitPerPixelGridFit_1BPP_FontElement_left_parenthesis_Data 0x00009334   Data          20  ocr_a_extended__20px__bold__singlebitperpixelgridfit_1bpp.o(.constdata)
    OCR_A_Extended__20px__Bold__SingleBitPerPixelGridFit_1BPP_FontElement_left_parenthesis 0x00009348   Data          12  ocr_a_extended__20px__bold__singlebitperpixelgridfit_1bpp.o(.constdata)
    OCR_A_Extended__20px__Bold__SingleBitPerPixelGridFit_1BPP_FontElement_right_parenthesis_Data 0x00009354   Data          20  ocr_a_extended__20px__bold__singlebitperpixelgridfit_1bpp.o(.constdata)
    OCR_A_Extended__20px__Bold__SingleBitPerPixelGridFit_1BPP_FontElement_right_parenthesis 0x00009368   Data          12  ocr_a_extended__20px__bold__singlebitperpixelgridfit_1bpp.o(.constdata)
    OCR_A_Extended__20px__Bold__SingleBitPerPixelGridFit_1BPP_FontElement_star_Data 0x00009374   Data          20  ocr_a_extended__20px__bold__singlebitperpixelgridfit_1bpp.o(.constdata)
    OCR_A_Extended__20px__Bold__SingleBitPerPixelGridFit_1BPP_FontElement_star 0x00009388   Data          12  ocr_a_extended__20px__bold__singlebitperpixelgridfit_1bpp.o(.constdata)
    OCR_A_Extended__20px__Bold__SingleBitPerPixelGridFit_1BPP_FontElement_plus_Data 0x00009394   Data          20  ocr_a_extended__20px__bold__singlebitperpixelgridfit_1bpp.o(.constdata)
    OCR_A_Extended__20px__Bold__SingleBitPerPixelGridFit_1BPP_FontElement_plus 0x000093a8   Data          12  ocr_a_extended__20px__bold__singlebitperpixelgridfit_1bpp.o(.constdata)
    OCR_A_Extended__20px__Bold__SingleBitPerPixelGridFit_1BPP_FontElement_comma_Data 0x000093b4   Data          20  ocr_a_extended__20px__bold__singlebitperpixelgridfit_1bpp.o(.constdata)
    OCR_A_Extended__20px__Bold__SingleBitPerPixelGridFit_1BPP_FontElement_comma 0x000093c8   Data          12  ocr_a_extended__20px__bold__singlebitperpixelgridfit_1bpp.o(.constdata)
    OCR_A_Extended__20px__Bold__SingleBitPerPixelGridFit_1BPP_FontElement_dash_Data 0x000093d4   Data          20  ocr_a_extended__20px__bold__singlebitperpixelgridfit_1bpp.o(.constdata)
    OCR_A_Extended__20px__Bold__SingleBitPerPixelGridFit_1BPP_FontElement_dash 0x000093e8   Data          12  ocr_a_extended__20px__bold__singlebitperpixelgridfit_1bpp.o(.constdata)
    OCR_A_Extended__20px__Bold__SingleBitPerPixelGridFit_1BPP_FontElement_period_Data 0x000093f4   Data          20  ocr_a_extended__20px__bold__singlebitperpixelgridfit_1bpp.o(.constdata)
    OCR_A_Extended__20px__Bold__SingleBitPerPixelGridFit_1BPP_FontElement_period 0x00009408   Data          12  ocr_a_extended__20px__bold__singlebitperpixelgridfit_1bpp.o(.constdata)
    OCR_A_Extended__20px__Bold__SingleBitPerPixelGridFit_1BPP_FontElement_forward_slash_Data 0x00009414   Data          20  ocr_a_extended__20px__bold__singlebitperpixelgridfit_1bpp.o(.constdata)
    OCR_A_Extended__20px__Bold__SingleBitPerPixelGridFit_1BPP_FontElement_forward_slash 0x00009428   Data          12  ocr_a_extended__20px__bold__singlebitperpixelgridfit_1bpp.o(.constdata)
    OCR_A_Extended__20px__Bold__SingleBitPerPixelGridFit_1BPP_FontElement_0_Data 0x00009434   Data          20  ocr_a_extended__20px__bold__singlebitperpixelgridfit_1bpp.o(.constdata)
    OCR_A_Extended__20px__Bold__SingleBitPerPixelGridFit_1BPP_FontElement_0 0x00009448   Data          12  ocr_a_extended__20px__bold__singlebitperpixelgridfit_1bpp.o(.constdata)
    OCR_A_Extended__20px__Bold__SingleBitPerPixelGridFit_1BPP_FontElement_1_Data 0x00009454   Data          20  ocr_a_extended__20px__bold__singlebitperpixelgridfit_1bpp.o(.constdata)
    OCR_A_Extended__20px__Bold__SingleBitPerPixelGridFit_1BPP_FontElement_1 0x00009468   Data          12  ocr_a_extended__20px__bold__singlebitperpixelgridfit_1bpp.o(.constdata)
    OCR_A_Extended__20px__Bold__SingleBitPerPixelGridFit_1BPP_FontElement_2_Data 0x00009474   Data          20  ocr_a_extended__20px__bold__singlebitperpixelgridfit_1bpp.o(.constdata)
    OCR_A_Extended__20px__Bold__SingleBitPerPixelGridFit_1BPP_FontElement_2 0x00009488   Data          12  ocr_a_extended__20px__bold__singlebitperpixelgridfit_1bpp.o(.constdata)
    OCR_A_Extended__20px__Bold__SingleBitPerPixelGridFit_1BPP_FontElement_3_Data 0x00009494   Data          40  ocr_a_extended__20px__bold__singlebitperpixelgridfit_1bpp.o(.constdata)
    OCR_A_Extended__20px__Bold__SingleBitPerPixelGridFit_1BPP_FontElement_3 0x000094bc   Data          12  ocr_a_extended__20px__bold__singlebitperpixelgridfit_1bpp.o(.constdata)
    OCR_A_Extended__20px__Bold__SingleBitPerPixelGridFit_1BPP_FontElement_4_Data 0x000094c8   Data          20  ocr_a_extended__20px__bold__singlebitperpixelgridfit_1bpp.o(.constdata)
    OCR_A_Extended__20px__Bold__SingleBitPerPixelGridFit_1BPP_FontElement_4 0x000094dc   Data          12  ocr_a_extended__20px__bold__singlebitperpixelgridfit_1bpp.o(.constdata)
    OCR_A_Extended__20px__Bold__SingleBitPerPixelGridFit_1BPP_FontElement_5_Data 0x000094e8   Data          20  ocr_a_extended__20px__bold__singlebitperpixelgridfit_1bpp.o(.constdata)
    OCR_A_Extended__20px__Bold__SingleBitPerPixelGridFit_1BPP_FontElement_5 0x000094fc   Data          12  ocr_a_extended__20px__bold__singlebitperpixelgridfit_1bpp.o(.constdata)
    OCR_A_Extended__20px__Bold__SingleBitPerPixelGridFit_1BPP_FontElement_6_Data 0x00009508   Data          20  ocr_a_extended__20px__bold__singlebitperpixelgridfit_1bpp.o(.constdata)
    OCR_A_Extended__20px__Bold__SingleBitPerPixelGridFit_1BPP_FontElement_6 0x0000951c   Data          12  ocr_a_extended__20px__bold__singlebitperpixelgridfit_1bpp.o(.constdata)
    OCR_A_Extended__20px__Bold__SingleBitPerPixelGridFit_1BPP_FontElement_7_Data 0x00009528   Data          20  ocr_a_extended__20px__bold__singlebitperpixelgridfit_1bpp.o(.constdata)
    OCR_A_Extended__20px__Bold__SingleBitPerPixelGridFit_1BPP_FontElement_7 0x0000953c   Data          12  ocr_a_extended__20px__bold__singlebitperpixelgridfit_1bpp.o(.constdata)
    OCR_A_Extended__20px__Bold__SingleBitPerPixelGridFit_1BPP_FontElement_8_Data 0x00009548   Data          20  ocr_a_extended__20px__bold__singlebitperpixelgridfit_1bpp.o(.constdata)
    OCR_A_Extended__20px__Bold__SingleBitPerPixelGridFit_1BPP_FontElement_8 0x0000955c   Data          12  ocr_a_extended__20px__bold__singlebitperpixelgridfit_1bpp.o(.constdata)
    OCR_A_Extended__20px__Bold__SingleBitPerPixelGridFit_1BPP_FontElement_9_Data 0x00009568   Data          20  ocr_a_extended__20px__bold__singlebitperpixelgridfit_1bpp.o(.constdata)
    OCR_A_Extended__20px__Bold__SingleBitPerPixelGridFit_1BPP_FontElement_9 0x0000957c   Data          12  ocr_a_extended__20px__bold__singlebitperpixelgridfit_1bpp.o(.constdata)
    OCR_A_Extended__20px__Bold__SingleBitPerPixelGridFit_1BPP_FontElement_colon_Data 0x00009588   Data          20  ocr_a_extended__20px__bold__singlebitperpixelgridfit_1bpp.o(.constdata)
    OCR_A_Extended__20px__Bold__SingleBitPerPixelGridFit_1BPP_FontElement_colon 0x0000959c   Data          12  ocr_a_extended__20px__bold__singlebitperpixelgridfit_1bpp.o(.constdata)
    OCR_A_Extended__20px__Bold__SingleBitPerPixelGridFit_1BPP_FontElement_semicolon_Data 0x000095a8   Data          20  ocr_a_extended__20px__bold__singlebitperpixelgridfit_1bpp.o(.constdata)
    OCR_A_Extended__20px__Bold__SingleBitPerPixelGridFit_1BPP_FontElement_semicolon 0x000095bc   Data          12  ocr_a_extended__20px__bold__singlebitperpixelgridfit_1bpp.o(.constdata)
    OCR_A_Extended__20px__Bold__SingleBitPerPixelGridFit_1BPP_FontElement_less_than_Data 0x000095c8   Data          20  ocr_a_extended__20px__bold__singlebitperpixelgridfit_1bpp.o(.constdata)
    OCR_A_Extended__20px__Bold__SingleBitPerPixelGridFit_1BPP_FontElement_less_than 0x000095dc   Data          12  ocr_a_extended__20px__bold__singlebitperpixelgridfit_1bpp.o(.constdata)
    OCR_A_Extended__20px__Bold__SingleBitPerPixelGridFit_1BPP_FontElement_equals_Data 0x000095e8   Data          20  ocr_a_extended__20px__bold__singlebitperpixelgridfit_1bpp.o(.constdata)
    OCR_A_Extended__20px__Bold__SingleBitPerPixelGridFit_1BPP_FontElement_equals 0x000095fc   Data          12  ocr_a_extended__20px__bold__singlebitperpixelgridfit_1bpp.o(.constdata)
    OCR_A_Extended__20px__Bold__SingleBitPerPixelGridFit_1BPP_FontElement_great_than_Data 0x00009608   Data          20  ocr_a_extended__20px__bold__singlebitperpixelgridfit_1bpp.o(.constdata)
    OCR_A_Extended__20px__Bold__SingleBitPerPixelGridFit_1BPP_FontElement_great_than 0x0000961c   Data          12  ocr_a_extended__20px__bold__singlebitperpixelgridfit_1bpp.o(.constdata)
    OCR_A_Extended__20px__Bold__SingleBitPerPixelGridFit_1BPP_FontElement_question_mark_Data 0x00009628   Data          20  ocr_a_extended__20px__bold__singlebitperpixelgridfit_1bpp.o(.constdata)
    OCR_A_Extended__20px__Bold__SingleBitPerPixelGridFit_1BPP_FontElement_question_mark 0x0000963c   Data          12  ocr_a_extended__20px__bold__singlebitperpixelgridfit_1bpp.o(.constdata)
    OCR_A_Extended__20px__Bold__SingleBitPerPixelGridFit_1BPP_FontElement_at_Data 0x00009648   Data          20  ocr_a_extended__20px__bold__singlebitperpixelgridfit_1bpp.o(.constdata)
    OCR_A_Extended__20px__Bold__SingleBitPerPixelGridFit_1BPP_FontElement_at 0x0000965c   Data          12  ocr_a_extended__20px__bold__singlebitperpixelgridfit_1bpp.o(.constdata)
    OCR_A_Extended__20px__Bold__SingleBitPerPixelGridFit_1BPP_FontElement_uc_A_Data 0x00009668   Data          20  ocr_a_extended__20px__bold__singlebitperpixelgridfit_1bpp.o(.constdata)
    OCR_A_Extended__20px__Bold__SingleBitPerPixelGridFit_1BPP_FontElement_uc_A 0x0000967c   Data          12  ocr_a_extended__20px__bold__singlebitperpixelgridfit_1bpp.o(.constdata)
    OCR_A_Extended__20px__Bold__SingleBitPerPixelGridFit_1BPP_FontElement_uc_B_Data 0x00009688   Data          20  ocr_a_extended__20px__bold__singlebitperpixelgridfit_1bpp.o(.constdata)
    OCR_A_Extended__20px__Bold__SingleBitPerPixelGridFit_1BPP_FontElement_uc_B 0x0000969c   Data          12  ocr_a_extended__20px__bold__singlebitperpixelgridfit_1bpp.o(.constdata)
    OCR_A_Extended__20px__Bold__SingleBitPerPixelGridFit_1BPP_FontElement_uc_C_Data 0x000096a8   Data          20  ocr_a_extended__20px__bold__singlebitperpixelgridfit_1bpp.o(.constdata)
    OCR_A_Extended__20px__Bold__SingleBitPerPixelGridFit_1BPP_FontElement_uc_C 0x000096bc   Data          12  ocr_a_extended__20px__bold__singlebitperpixelgridfit_1bpp.o(.constdata)
    OCR_A_Extended__20px__Bold__SingleBitPerPixelGridFit_1BPP_FontElement_uc_D_Data 0x000096c8   Data          20  ocr_a_extended__20px__bold__singlebitperpixelgridfit_1bpp.o(.constdata)
    OCR_A_Extended__20px__Bold__SingleBitPerPixelGridFit_1BPP_FontElement_uc_D 0x000096dc   Data          12  ocr_a_extended__20px__bold__singlebitperpixelgridfit_1bpp.o(.constdata)
    OCR_A_Extended__20px__Bold__SingleBitPerPixelGridFit_1BPP_FontElement_uc_E_Data 0x000096e8   Data          20  ocr_a_extended__20px__bold__singlebitperpixelgridfit_1bpp.o(.constdata)
    OCR_A_Extended__20px__Bold__SingleBitPerPixelGridFit_1BPP_FontElement_uc_E 0x000096fc   Data          12  ocr_a_extended__20px__bold__singlebitperpixelgridfit_1bpp.o(.constdata)
    OCR_A_Extended__20px__Bold__SingleBitPerPixelGridFit_1BPP_FontElement_uc_F_Data 0x00009708   Data          20  ocr_a_extended__20px__bold__singlebitperpixelgridfit_1bpp.o(.constdata)
    OCR_A_Extended__20px__Bold__SingleBitPerPixelGridFit_1BPP_FontElement_uc_F 0x0000971c   Data          12  ocr_a_extended__20px__bold__singlebitperpixelgridfit_1bpp.o(.constdata)
    OCR_A_Extended__20px__Bold__SingleBitPerPixelGridFit_1BPP_FontElement_uc_G_Data 0x00009728   Data          20  ocr_a_extended__20px__bold__singlebitperpixelgridfit_1bpp.o(.constdata)
    OCR_A_Extended__20px__Bold__SingleBitPerPixelGridFit_1BPP_FontElement_uc_G 0x0000973c   Data          12  ocr_a_extended__20px__bold__singlebitperpixelgridfit_1bpp.o(.constdata)
    OCR_A_Extended__20px__Bold__SingleBitPerPixelGridFit_1BPP_FontElement_uc_H_Data 0x00009748   Data          20  ocr_a_extended__20px__bold__singlebitperpixelgridfit_1bpp.o(.constdata)
    OCR_A_Extended__20px__Bold__SingleBitPerPixelGridFit_1BPP_FontElement_uc_H 0x0000975c   Data          12  ocr_a_extended__20px__bold__singlebitperpixelgridfit_1bpp.o(.constdata)
    OCR_A_Extended__20px__Bold__SingleBitPerPixelGridFit_1BPP_FontElement_uc_I_Data 0x00009768   Data          20  ocr_a_extended__20px__bold__singlebitperpixelgridfit_1bpp.o(.constdata)
    OCR_A_Extended__20px__Bold__SingleBitPerPixelGridFit_1BPP_FontElement_uc_I 0x0000977c   Data          12  ocr_a_extended__20px__bold__singlebitperpixelgridfit_1bpp.o(.constdata)
    OCR_A_Extended__20px__Bold__SingleBitPerPixelGridFit_1BPP_FontElement_uc_J_Data 0x00009788   Data          20  ocr_a_extended__20px__bold__singlebitperpixelgridfit_1bpp.o(.constdata)
    OCR_A_Extended__20px__Bold__SingleBitPerPixelGridFit_1BPP_FontElement_uc_J 0x0000979c   Data          12  ocr_a_extended__20px__bold__singlebitperpixelgridfit_1bpp.o(.constdata)
    OCR_A_Extended__20px__Bold__SingleBitPerPixelGridFit_1BPP_FontElement_uc_K_Data 0x000097a8   Data          20  ocr_a_extended__20px__bold__singlebitperpixelgridfit_1bpp.o(.constdata)
    OCR_A_Extended__20px__Bold__SingleBitPerPixelGridFit_1BPP_FontElement_uc_K 0x000097bc   Data          12  ocr_a_extended__20px__bold__singlebitperpixelgridfit_1bpp.o(.constdata)
    OCR_A_Extended__20px__Bold__SingleBitPerPixelGridFit_1BPP_FontElement_uc_L_Data 0x000097c8   Data          20  ocr_a_extended__20px__bold__singlebitperpixelgridfit_1bpp.o(.constdata)
    OCR_A_Extended__20px__Bold__SingleBitPerPixelGridFit_1BPP_FontElement_uc_L 0x000097dc   Data          12  ocr_a_extended__20px__bold__singlebitperpixelgridfit_1bpp.o(.constdata)
    OCR_A_Extended__20px__Bold__SingleBitPerPixelGridFit_1BPP_FontElement_uc_M_Data 0x000097e8   Data          20  ocr_a_extended__20px__bold__singlebitperpixelgridfit_1bpp.o(.constdata)
    OCR_A_Extended__20px__Bold__SingleBitPerPixelGridFit_1BPP_FontElement_uc_M 0x000097fc   Data          12  ocr_a_extended__20px__bold__singlebitperpixelgridfit_1bpp.o(.constdata)
    OCR_A_Extended__20px__Bold__SingleBitPerPixelGridFit_1BPP_FontElement_uc_N_Data 0x00009808   Data          20  ocr_a_extended__20px__bold__singlebitperpixelgridfit_1bpp.o(.constdata)
    OCR_A_Extended__20px__Bold__SingleBitPerPixelGridFit_1BPP_FontElement_uc_N 0x0000981c   Data          12  ocr_a_extended__20px__bold__singlebitperpixelgridfit_1bpp.o(.constdata)
    OCR_A_Extended__20px__Bold__SingleBitPerPixelGridFit_1BPP_FontElement_uc_O_Data 0x00009828   Data          20  ocr_a_extended__20px__bold__singlebitperpixelgridfit_1bpp.o(.constdata)
    OCR_A_Extended__20px__Bold__SingleBitPerPixelGridFit_1BPP_FontElement_uc_O 0x0000983c   Data          12  ocr_a_extended__20px__bold__singlebitperpixelgridfit_1bpp.o(.constdata)
    OCR_A_Extended__20px__Bold__SingleBitPerPixelGridFit_1BPP_FontElement_uc_P_Data 0x00009848   Data          20  ocr_a_extended__20px__bold__singlebitperpixelgridfit_1bpp.o(.constdata)
    OCR_A_Extended__20px__Bold__SingleBitPerPixelGridFit_1BPP_FontElement_uc_P 0x0000985c   Data          12  ocr_a_extended__20px__bold__singlebitperpixelgridfit_1bpp.o(.constdata)
    OCR_A_Extended__20px__Bold__SingleBitPerPixelGridFit_1BPP_FontElement_uc_Q_Data 0x00009868   Data          20  ocr_a_extended__20px__bold__singlebitperpixelgridfit_1bpp.o(.constdata)
    OCR_A_Extended__20px__Bold__SingleBitPerPixelGridFit_1BPP_FontElement_uc_Q 0x0000987c   Data          12  ocr_a_extended__20px__bold__singlebitperpixelgridfit_1bpp.o(.constdata)
    OCR_A_Extended__20px__Bold__SingleBitPerPixelGridFit_1BPP_FontElement_uc_R_Data 0x00009888   Data          20  ocr_a_extended__20px__bold__singlebitperpixelgridfit_1bpp.o(.constdata)
    OCR_A_Extended__20px__Bold__SingleBitPerPixelGridFit_1BPP_FontElement_uc_R 0x0000989c   Data          12  ocr_a_extended__20px__bold__singlebitperpixelgridfit_1bpp.o(.constdata)
    OCR_A_Extended__20px__Bold__SingleBitPerPixelGridFit_1BPP_FontElement_uc_S_Data 0x000098a8   Data          20  ocr_a_extended__20px__bold__singlebitperpixelgridfit_1bpp.o(.constdata)
    OCR_A_Extended__20px__Bold__SingleBitPerPixelGridFit_1BPP_FontElement_uc_S 0x000098bc   Data          12  ocr_a_extended__20px__bold__singlebitperpixelgridfit_1bpp.o(.constdata)
    OCR_A_Extended__20px__Bold__SingleBitPerPixelGridFit_1BPP_FontElement_uc_T_Data 0x000098c8   Data          20  ocr_a_extended__20px__bold__singlebitperpixelgridfit_1bpp.o(.constdata)
    OCR_A_Extended__20px__Bold__SingleBitPerPixelGridFit_1BPP_FontElement_uc_T 0x000098dc   Data          12  ocr_a_extended__20px__bold__singlebitperpixelgridfit_1bpp.o(.constdata)
    OCR_A_Extended__20px__Bold__SingleBitPerPixelGridFit_1BPP_FontElement_uc_U_Data 0x000098e8   Data          20  ocr_a_extended__20px__bold__singlebitperpixelgridfit_1bpp.o(.constdata)
    OCR_A_Extended__20px__Bold__SingleBitPerPixelGridFit_1BPP_FontElement_uc_U 0x000098fc   Data          12  ocr_a_extended__20px__bold__singlebitperpixelgridfit_1bpp.o(.constdata)
    OCR_A_Extended__20px__Bold__SingleBitPerPixelGridFit_1BPP_FontElement_uc_V_Data 0x00009908   Data          20  ocr_a_extended__20px__bold__singlebitperpixelgridfit_1bpp.o(.constdata)
    OCR_A_Extended__20px__Bold__SingleBitPerPixelGridFit_1BPP_FontElement_uc_V 0x0000991c   Data          12  ocr_a_extended__20px__bold__singlebitperpixelgridfit_1bpp.o(.constdata)
    OCR_A_Extended__20px__Bold__SingleBitPerPixelGridFit_1BPP_FontElement_uc_W_Data 0x00009928   Data          40  ocr_a_extended__20px__bold__singlebitperpixelgridfit_1bpp.o(.constdata)
    OCR_A_Extended__20px__Bold__SingleBitPerPixelGridFit_1BPP_FontElement_uc_W 0x00009950   Data          12  ocr_a_extended__20px__bold__singlebitperpixelgridfit_1bpp.o(.constdata)
    OCR_A_Extended__20px__Bold__SingleBitPerPixelGridFit_1BPP_FontElement_uc_X_Data 0x0000995c   Data          20  ocr_a_extended__20px__bold__singlebitperpixelgridfit_1bpp.o(.constdata)
    OCR_A_Extended__20px__Bold__SingleBitPerPixelGridFit_1BPP_FontElement_uc_X 0x00009970   Data          12  ocr_a_extended__20px__bold__singlebitperpixelgridfit_1bpp.o(.constdata)
    OCR_A_Extended__20px__Bold__SingleBitPerPixelGridFit_1BPP_FontElement_uc_Y_Data 0x0000997c   Data          20  ocr_a_extended__20px__bold__singlebitperpixelgridfit_1bpp.o(.constdata)
    OCR_A_Extended__20px__Bold__SingleBitPerPixelGridFit_1BPP_FontElement_uc_Y 0x00009990   Data          12  ocr_a_extended__20px__bold__singlebitperpixelgridfit_1bpp.o(.constdata)
    OCR_A_Extended__20px__Bold__SingleBitPerPixelGridFit_1BPP_FontElement_uc_Z_Data 0x0000999c   Data          20  ocr_a_extended__20px__bold__singlebitperpixelgridfit_1bpp.o(.constdata)
    OCR_A_Extended__20px__Bold__SingleBitPerPixelGridFit_1BPP_FontElement_uc_Z 0x000099b0   Data          12  ocr_a_extended__20px__bold__singlebitperpixelgridfit_1bpp.o(.constdata)
    OCR_A_Extended__20px__Bold__SingleBitPerPixelGridFit_1BPP_FontElement_left_bracket_Data 0x000099bc   Data          20  ocr_a_extended__20px__bold__singlebitperpixelgridfit_1bpp.o(.constdata)
    OCR_A_Extended__20px__Bold__SingleBitPerPixelGridFit_1BPP_FontElement_left_bracket 0x000099d0   Data          12  ocr_a_extended__20px__bold__singlebitperpixelgridfit_1bpp.o(.constdata)
    OCR_A_Extended__20px__Bold__SingleBitPerPixelGridFit_1BPP_FontElement_backslash_Data 0x000099dc   Data          20  ocr_a_extended__20px__bold__singlebitperpixelgridfit_1bpp.o(.constdata)
    OCR_A_Extended__20px__Bold__SingleBitPerPixelGridFit_1BPP_FontElement_backslash 0x000099f0   Data          12  ocr_a_extended__20px__bold__singlebitperpixelgridfit_1bpp.o(.constdata)
    OCR_A_Extended__20px__Bold__SingleBitPerPixelGridFit_1BPP_FontElement_right_bracket_Data 0x000099fc   Data          20  ocr_a_extended__20px__bold__singlebitperpixelgridfit_1bpp.o(.constdata)
    OCR_A_Extended__20px__Bold__SingleBitPerPixelGridFit_1BPP_FontElement_right_bracket 0x00009a10   Data          12  ocr_a_extended__20px__bold__singlebitperpixelgridfit_1bpp.o(.constdata)
    OCR_A_Extended__20px__Bold__SingleBitPerPixelGridFit_1BPP_FontElement_carret_Data 0x00009a1c   Data          20  ocr_a_extended__20px__bold__singlebitperpixelgridfit_1bpp.o(.constdata)
    OCR_A_Extended__20px__Bold__SingleBitPerPixelGridFit_1BPP_FontElement_carret 0x00009a30   Data          12  ocr_a_extended__20px__bold__singlebitperpixelgridfit_1bpp.o(.constdata)
    OCR_A_Extended__20px__Bold__SingleBitPerPixelGridFit_1BPP_FontElement_underscore_Data 0x00009a3c   Data          40  ocr_a_extended__20px__bold__singlebitperpixelgridfit_1bpp.o(.constdata)
    OCR_A_Extended__20px__Bold__SingleBitPerPixelGridFit_1BPP_FontElement_underscore 0x00009a64   Data          12  ocr_a_extended__20px__bold__singlebitperpixelgridfit_1bpp.o(.constdata)
    OCR_A_Extended__20px__Bold__SingleBitPerPixelGridFit_1BPP_FontElement_slanted_single_quote_Data 0x00009a70   Data          20  ocr_a_extended__20px__bold__singlebitperpixelgridfit_1bpp.o(.constdata)
    OCR_A_Extended__20px__Bold__SingleBitPerPixelGridFit_1BPP_FontElement_slanted_single_quote 0x00009a84   Data          12  ocr_a_extended__20px__bold__singlebitperpixelgridfit_1bpp.o(.constdata)
    OCR_A_Extended__20px__Bold__SingleBitPerPixelGridFit_1BPP_FontElement_lc_a_Data 0x00009a90   Data          20  ocr_a_extended__20px__bold__singlebitperpixelgridfit_1bpp.o(.constdata)
    OCR_A_Extended__20px__Bold__SingleBitPerPixelGridFit_1BPP_FontElement_lc_a 0x00009aa4   Data          12  ocr_a_extended__20px__bold__singlebitperpixelgridfit_1bpp.o(.constdata)
    OCR_A_Extended__20px__Bold__SingleBitPerPixelGridFit_1BPP_FontElement_lc_b_Data 0x00009ab0   Data          20  ocr_a_extended__20px__bold__singlebitperpixelgridfit_1bpp.o(.constdata)
    OCR_A_Extended__20px__Bold__SingleBitPerPixelGridFit_1BPP_FontElement_lc_b 0x00009ac4   Data          12  ocr_a_extended__20px__bold__singlebitperpixelgridfit_1bpp.o(.constdata)
    OCR_A_Extended__20px__Bold__SingleBitPerPixelGridFit_1BPP_FontElement_lc_c_Data 0x00009ad0   Data          20  ocr_a_extended__20px__bold__singlebitperpixelgridfit_1bpp.o(.constdata)
    OCR_A_Extended__20px__Bold__SingleBitPerPixelGridFit_1BPP_FontElement_lc_c 0x00009ae4   Data          12  ocr_a_extended__20px__bold__singlebitperpixelgridfit_1bpp.o(.constdata)
    OCR_A_Extended__20px__Bold__SingleBitPerPixelGridFit_1BPP_FontElement_lc_d_Data 0x00009af0   Data          20  ocr_a_extended__20px__bold__singlebitperpixelgridfit_1bpp.o(.constdata)
    OCR_A_Extended__20px__Bold__SingleBitPerPixelGridFit_1BPP_FontElement_lc_d 0x00009b04   Data          12  ocr_a_extended__20px__bold__singlebitperpixelgridfit_1bpp.o(.constdata)
    OCR_A_Extended__20px__Bold__SingleBitPerPixelGridFit_1BPP_FontElement_lc_e_Data 0x00009b10   Data          20  ocr_a_extended__20px__bold__singlebitperpixelgridfit_1bpp.o(.constdata)
    OCR_A_Extended__20px__Bold__SingleBitPerPixelGridFit_1BPP_FontElement_lc_e 0x00009b24   Data          12  ocr_a_extended__20px__bold__singlebitperpixelgridfit_1bpp.o(.constdata)
    OCR_A_Extended__20px__Bold__SingleBitPerPixelGridFit_1BPP_FontElement_lc_f_Data 0x00009b30   Data          20  ocr_a_extended__20px__bold__singlebitperpixelgridfit_1bpp.o(.constdata)
    OCR_A_Extended__20px__Bold__SingleBitPerPixelGridFit_1BPP_FontElement_lc_f 0x00009b44   Data          12  ocr_a_extended__20px__bold__singlebitperpixelgridfit_1bpp.o(.constdata)
    OCR_A_Extended__20px__Bold__SingleBitPerPixelGridFit_1BPP_FontElement_lc_g_Data 0x00009b50   Data          20  ocr_a_extended__20px__bold__singlebitperpixelgridfit_1bpp.o(.constdata)
    OCR_A_Extended__20px__Bold__SingleBitPerPixelGridFit_1BPP_FontElement_lc_g 0x00009b64   Data          12  ocr_a_extended__20px__bold__singlebitperpixelgridfit_1bpp.o(.constdata)
    OCR_A_Extended__20px__Bold__SingleBitPerPixelGridFit_1BPP_FontElement_lc_h_Data 0x00009b70   Data          20  ocr_a_extended__20px__bold__singlebitperpixelgridfit_1bpp.o(.constdata)
    OCR_A_Extended__20px__Bold__SingleBitPerPixelGridFit_1BPP_FontElement_lc_h 0x00009b84   Data          12  ocr_a_extended__20px__bold__singlebitperpixelgridfit_1bpp.o(.constdata)
    OCR_A_Extended__20px__Bold__SingleBitPerPixelGridFit_1BPP_FontElement_lc_i_Data 0x00009b90   Data          20  ocr_a_extended__20px__bold__singlebitperpixelgridfit_1bpp.o(.constdata)
    OCR_A_Extended__20px__Bold__SingleBitPerPixelGridFit_1BPP_FontElement_lc_i 0x00009ba4   Data          12  ocr_a_extended__20px__bold__singlebitperpixelgridfit_1bpp.o(.constdata)
    OCR_A_Extended__20px__Bold__SingleBitPerPixelGridFit_1BPP_FontElement_lc_j_Data 0x00009bb0   Data          20  ocr_a_extended__20px__bold__singlebitperpixelgridfit_1bpp.o(.constdata)
    OCR_A_Extended__20px__Bold__SingleBitPerPixelGridFit_1BPP_FontElement_lc_j 0x00009bc4   Data          12  ocr_a_extended__20px__bold__singlebitperpixelgridfit_1bpp.o(.constdata)
    OCR_A_Extended__20px__Bold__SingleBitPerPixelGridFit_1BPP_FontElement_lc_k_Data 0x00009bd0   Data          20  ocr_a_extended__20px__bold__singlebitperpixelgridfit_1bpp.o(.constdata)
    OCR_A_Extended__20px__Bold__SingleBitPerPixelGridFit_1BPP_FontElement_lc_k 0x00009be4   Data          12  ocr_a_extended__20px__bold__singlebitperpixelgridfit_1bpp.o(.constdata)
    OCR_A_Extended__20px__Bold__SingleBitPerPixelGridFit_1BPP_FontElement_lc_l_Data 0x00009bf0   Data          20  ocr_a_extended__20px__bold__singlebitperpixelgridfit_1bpp.o(.constdata)
    OCR_A_Extended__20px__Bold__SingleBitPerPixelGridFit_1BPP_FontElement_lc_l 0x00009c04   Data          12  ocr_a_extended__20px__bold__singlebitperpixelgridfit_1bpp.o(.constdata)
    OCR_A_Extended__20px__Bold__SingleBitPerPixelGridFit_1BPP_FontElement_lc_m_Data 0x00009c10   Data          40  ocr_a_extended__20px__bold__singlebitperpixelgridfit_1bpp.o(.constdata)
    OCR_A_Extended__20px__Bold__SingleBitPerPixelGridFit_1BPP_FontElement_lc_m 0x00009c38   Data          12  ocr_a_extended__20px__bold__singlebitperpixelgridfit_1bpp.o(.constdata)
    OCR_A_Extended__20px__Bold__SingleBitPerPixelGridFit_1BPP_FontElement_lc_n_Data 0x00009c44   Data          20  ocr_a_extended__20px__bold__singlebitperpixelgridfit_1bpp.o(.constdata)
    OCR_A_Extended__20px__Bold__SingleBitPerPixelGridFit_1BPP_FontElement_lc_n 0x00009c58   Data          12  ocr_a_extended__20px__bold__singlebitperpixelgridfit_1bpp.o(.constdata)
    OCR_A_Extended__20px__Bold__SingleBitPerPixelGridFit_1BPP_FontElement_lc_o_Data 0x00009c64   Data          20  ocr_a_extended__20px__bold__singlebitperpixelgridfit_1bpp.o(.constdata)
    OCR_A_Extended__20px__Bold__SingleBitPerPixelGridFit_1BPP_FontElement_lc_o 0x00009c78   Data          12  ocr_a_extended__20px__bold__singlebitperpixelgridfit_1bpp.o(.constdata)
    OCR_A_Extended__20px__Bold__SingleBitPerPixelGridFit_1BPP_FontElement_lc_p_Data 0x00009c84   Data          20  ocr_a_extended__20px__bold__singlebitperpixelgridfit_1bpp.o(.constdata)
    OCR_A_Extended__20px__Bold__SingleBitPerPixelGridFit_1BPP_FontElement_lc_p 0x00009c98   Data          12  ocr_a_extended__20px__bold__singlebitperpixelgridfit_1bpp.o(.constdata)
    OCR_A_Extended__20px__Bold__SingleBitPerPixelGridFit_1BPP_FontElement_lc_q_Data 0x00009ca4   Data          20  ocr_a_extended__20px__bold__singlebitperpixelgridfit_1bpp.o(.constdata)
    OCR_A_Extended__20px__Bold__SingleBitPerPixelGridFit_1BPP_FontElement_lc_q 0x00009cb8   Data          12  ocr_a_extended__20px__bold__singlebitperpixelgridfit_1bpp.o(.constdata)
    OCR_A_Extended__20px__Bold__SingleBitPerPixelGridFit_1BPP_FontElement_lc_r_Data 0x00009cc4   Data          20  ocr_a_extended__20px__bold__singlebitperpixelgridfit_1bpp.o(.constdata)
    OCR_A_Extended__20px__Bold__SingleBitPerPixelGridFit_1BPP_FontElement_lc_r 0x00009cd8   Data          12  ocr_a_extended__20px__bold__singlebitperpixelgridfit_1bpp.o(.constdata)
    OCR_A_Extended__20px__Bold__SingleBitPerPixelGridFit_1BPP_FontElement_lc_s_Data 0x00009ce4   Data          20  ocr_a_extended__20px__bold__singlebitperpixelgridfit_1bpp.o(.constdata)
    OCR_A_Extended__20px__Bold__SingleBitPerPixelGridFit_1BPP_FontElement_lc_s 0x00009cf8   Data          12  ocr_a_extended__20px__bold__singlebitperpixelgridfit_1bpp.o(.constdata)
    OCR_A_Extended__20px__Bold__SingleBitPerPixelGridFit_1BPP_FontElement_lc_t_Data 0x00009d04   Data          40  ocr_a_extended__20px__bold__singlebitperpixelgridfit_1bpp.o(.constdata)
    OCR_A_Extended__20px__Bold__SingleBitPerPixelGridFit_1BPP_FontElement_lc_t 0x00009d2c   Data          12  ocr_a_extended__20px__bold__singlebitperpixelgridfit_1bpp.o(.constdata)
    OCR_A_Extended__20px__Bold__SingleBitPerPixelGridFit_1BPP_FontElement_lc_u_Data 0x00009d38   Data          20  ocr_a_extended__20px__bold__singlebitperpixelgridfit_1bpp.o(.constdata)
    OCR_A_Extended__20px__Bold__SingleBitPerPixelGridFit_1BPP_FontElement_lc_u 0x00009d4c   Data          12  ocr_a_extended__20px__bold__singlebitperpixelgridfit_1bpp.o(.constdata)
    OCR_A_Extended__20px__Bold__SingleBitPerPixelGridFit_1BPP_FontElement_lc_v_Data 0x00009d58   Data          20  ocr_a_extended__20px__bold__singlebitperpixelgridfit_1bpp.o(.constdata)
    OCR_A_Extended__20px__Bold__SingleBitPerPixelGridFit_1BPP_FontElement_lc_v 0x00009d6c   Data          12  ocr_a_extended__20px__bold__singlebitperpixelgridfit_1bpp.o(.constdata)
    OCR_A_Extended__20px__Bold__SingleBitPerPixelGridFit_1BPP_FontElement_lc_w_Data 0x00009d78   Data          40  ocr_a_extended__20px__bold__singlebitperpixelgridfit_1bpp.o(.constdata)
    OCR_A_Extended__20px__Bold__SingleBitPerPixelGridFit_1BPP_FontElement_lc_w 0x00009da0   Data          12  ocr_a_extended__20px__bold__singlebitperpixelgridfit_1bpp.o(.constdata)
    OCR_A_Extended__20px__Bold__SingleBitPerPixelGridFit_1BPP_FontElement_lc_x_Data 0x00009dac   Data          20  ocr_a_extended__20px__bold__singlebitperpixelgridfit_1bpp.o(.constdata)
    OCR_A_Extended__20px__Bold__SingleBitPerPixelGridFit_1BPP_FontElement_lc_x 0x00009dc0   Data          12  ocr_a_extended__20px__bold__singlebitperpixelgridfit_1bpp.o(.constdata)
    OCR_A_Extended__20px__Bold__SingleBitPerPixelGridFit_1BPP_FontElement_lc_y_Data 0x00009dcc   Data          40  ocr_a_extended__20px__bold__singlebitperpixelgridfit_1bpp.o(.constdata)
    OCR_A_Extended__20px__Bold__SingleBitPerPixelGridFit_1BPP_FontElement_lc_y 0x00009df4   Data          12  ocr_a_extended__20px__bold__singlebitperpixelgridfit_1bpp.o(.constdata)
    OCR_A_Extended__20px__Bold__SingleBitPerPixelGridFit_1BPP_FontElement_lc_z_Data 0x00009e00   Data          20  ocr_a_extended__20px__bold__singlebitperpixelgridfit_1bpp.o(.constdata)
    OCR_A_Extended__20px__Bold__SingleBitPerPixelGridFit_1BPP_FontElement_lc_z 0x00009e14   Data          12  ocr_a_extended__20px__bold__singlebitperpixelgridfit_1bpp.o(.constdata)
    OCR_A_Extended__20px__Bold__SingleBitPerPixelGridFit_1BPP_FontElement_left_curly_brace_Data 0x00009e20   Data          20  ocr_a_extended__20px__bold__singlebitperpixelgridfit_1bpp.o(.constdata)
    OCR_A_Extended__20px__Bold__SingleBitPerPixelGridFit_1BPP_FontElement_left_curly_brace 0x00009e34   Data          12  ocr_a_extended__20px__bold__singlebitperpixelgridfit_1bpp.o(.constdata)
    OCR_A_Extended__20px__Bold__SingleBitPerPixelGridFit_1BPP_FontElement_vertical_bar_Data 0x00009e40   Data          20  ocr_a_extended__20px__bold__singlebitperpixelgridfit_1bpp.o(.constdata)
    OCR_A_Extended__20px__Bold__SingleBitPerPixelGridFit_1BPP_FontElement_vertical_bar 0x00009e54   Data          12  ocr_a_extended__20px__bold__singlebitperpixelgridfit_1bpp.o(.constdata)
    OCR_A_Extended__20px__Bold__SingleBitPerPixelGridFit_1BPP_FontElement_right_curly_brace_Data 0x00009e60   Data          20  ocr_a_extended__20px__bold__singlebitperpixelgridfit_1bpp.o(.constdata)
    OCR_A_Extended__20px__Bold__SingleBitPerPixelGridFit_1BPP_FontElement_right_curly_brace 0x00009e74   Data          12  ocr_a_extended__20px__bold__singlebitperpixelgridfit_1bpp.o(.constdata)
    OCR_A_Extended__20px__Bold__SingleBitPerPixelGridFit_1BPP_FontElement_tilde_Data 0x00009e80   Data          40  ocr_a_extended__20px__bold__singlebitperpixelgridfit_1bpp.o(.constdata)
    OCR_A_Extended__20px__Bold__SingleBitPerPixelGridFit_1BPP_FontElement_tilde 0x00009ea8   Data          12  ocr_a_extended__20px__bold__singlebitperpixelgridfit_1bpp.o(.constdata)
    OCR_A_Extended__20px__Bold__SingleBitPerPixelGridFit_1BPP_FontElement_delete_Data 0x00009eb4   Data          60  ocr_a_extended__20px__bold__singlebitperpixelgridfit_1bpp.o(.constdata)
    OCR_A_Extended__20px__Bold__SingleBitPerPixelGridFit_1BPP_FontElement_delete 0x00009ef0   Data          12  ocr_a_extended__20px__bold__singlebitperpixelgridfit_1bpp.o(.constdata)
    OCR_A_Extended__20px__Bold__SingleBitPerPixelGridFit_1BPP 0x00009efc   Data         400  ocr_a_extended__20px__bold__singlebitperpixelgridfit_1bpp.o(.constdata)
    twiddleCoef_16                           0x0000a0a8   Data         128  arm_common_tables.o(.constdata)
    twiddleCoef_32                           0x0000a128   Data         256  arm_common_tables.o(.constdata)
    twiddleCoef_64                           0x0000a228   Data         512  arm_common_tables.o(.constdata)
    twiddleCoef_128                          0x0000a428   Data        1024  arm_common_tables.o(.constdata)
    twiddleCoef_256                          0x0000a828   Data        2048  arm_common_tables.o(.constdata)
    twiddleCoef_512                          0x0000b028   Data        4096  arm_common_tables.o(.constdata)
    twiddleCoef_1024                         0x0000c028   Data        8192  arm_common_tables.o(.constdata)
    twiddleCoef_2048                         0x0000e028   Data       16384  arm_common_tables.o(.constdata)
    armBitRevIndexTable16                    0x00012028   Data          40  arm_common_tables.o(.constdata)
    armBitRevIndexTable32                    0x00012050   Data          96  arm_common_tables.o(.constdata)
    armBitRevIndexTable64                    0x000120b0   Data         112  arm_common_tables.o(.constdata)
    armBitRevIndexTable128                   0x00012120   Data         416  arm_common_tables.o(.constdata)
    armBitRevIndexTable256                   0x000122c0   Data         880  arm_common_tables.o(.constdata)
    armBitRevIndexTable512                   0x00012630   Data         896  arm_common_tables.o(.constdata)
    armBitRevIndexTable1024                  0x000129b0   Data        3600  arm_common_tables.o(.constdata)
    armBitRevIndexTable2048                  0x000137c0   Data        7616  arm_common_tables.o(.constdata)
    twiddleCoef_rfft_32                      0x00015580   Data         128  arm_common_tables.o(.constdata)
    twiddleCoef_rfft_64                      0x00015600   Data         256  arm_common_tables.o(.constdata)
    twiddleCoef_rfft_128                     0x00015700   Data         512  arm_common_tables.o(.constdata)
    twiddleCoef_rfft_256                     0x00015900   Data        1024  arm_common_tables.o(.constdata)
    twiddleCoef_rfft_512                     0x00015d00   Data        2048  arm_common_tables.o(.constdata)
    twiddleCoef_rfft_1024                    0x00016500   Data        4096  arm_common_tables.o(.constdata)
    twiddleCoef_rfft_2048                    0x00017500   Data        8192  arm_common_tables.o(.constdata)
    twiddleCoef_rfft_4096                    0x00019500   Data       16384  arm_common_tables.o(.constdata)
    Region$$Table$$Base                      0x0001d500   Number         0  anon$$obj.o(Region$$Table)
    Region$$Table$$Limit                     0x0001d520   Number         0  anon$$obj.o(Region$$Table)
    Sprite_16BPP_565_light_Data              0x10000000   Data       40044  sprites_16bpp_565.o(ExtFlashSection)
    Sprite_16BPP_565_light                   0x10009c6c   Data          12  sprites_16bpp_565.o(ExtFlashSection)
    Sprite_16BPP_565_pie_Data                0x10009c78   Data       38642  sprites_16bpp_565.o(ExtFlashSection)
    Sprite_16BPP_565_pie                     0x1001336c   Data          12  sprites_16bpp_565.o(ExtFlashSection)
    Sprite_16BPP_565_stop_Data               0x10013378   Data       39200  sprites_16bpp_565.o(ExtFlashSection)
    Sprite_16BPP_565_stop                    0x1001cc98   Data          12  sprites_16bpp_565.o(ExtFlashSection)
    Image$$RW_m_data$$Base                   0x20000000   Number         0  anon$$obj.o ABSOLUTE
    SystemCoreClock                          0x20000000   Data           4  system_lpc54608.o(.data)
    SDRAM                                    0x20000004   Data           4  sdram.o(.data)
    crossLeds                                0x20000070   Data        1024  main.o(.data)
    pC                                       0x20000470   Data           4  main.o(.data)
    s                                        0x20000474   Data           4  main.o(.data)
    l                                        0x20000478   Data           4  main.o(.data)
    BackgroundRightBuffer                    0x2000047c   Data           4  main.o(.data)
    RightBuffer                              0x20000480   Data           4  main.o(.data)
    BackgroundLeftBuffer                     0x20000484   Data           4  main.o(.data)
    LeftBuffer                               0x20000488   Data           4  main.o(.data)
    BackgroundBufferIdx                      0x2000048c   Data           4  main.o(.data)
    NextSampleOut                            0x20000490   Data           4  main.o(.data)
    BuffersCaptured                          0x20000494   Data           4  main.o(.data)
    NextBufferReady                          0x20000498   Data           4  main.o(.data)
    Q                                        0x2000049c   Data           4  main.o(.data)
    U                                        0x200004a0   Data           4  main.o(.data)
    i                                        0x200004a4   Data           2  main.o(.data)
    ledArray                                 0x200004a8   Data           4  main.o(.data)
    b                                        0x200004ac   Data           4  main.o(.data)
    g                                        0x200004b0   Data           4  main.o(.data)
    x                                        0x200004b4   Data           4  main.o(.data)
    z                                        0x200004b8   Data           4  main.o(.data)
    powerSumL                                0x200004bc   Data           4  main.o(.data)
    powerSumM                                0x200004c0   Data           4  main.o(.data)
    powerSumH                                0x200004c4   Data           4  main.o(.data)
    powerAvgL                                0x200004c8   Data           4  main.o(.data)
    powerAvgM                                0x200004cc   Data           4  main.o(.data)
    powerAvgH                                0x200004d0   Data           4  main.o(.data)
    oldValL                                  0x200004d4   Data           4  main.o(.data)
    oldValM                                  0x200004d8   Data           4  main.o(.data)
    oldValH                                  0x200004dc   Data           4  main.o(.data)
    sumIt                                    0x200004e0   Data           4  main.o(.data)
    bass                                     0x200004e4   Data           4  main.o(.data)
    mid                                      0x200004e8   Data           4  main.o(.data)
    high                                     0x200004ec   Data           4  main.o(.data)
    command                                  0x200004f0   Data          48  board.o(.data)
    s_dma_descriptor_table                   0x20000800   Data         480  fsl_dma.o(.bss)
    RightBuffer1                             0x20000a78   Data        1024  main.o(.bss)
    RightBuffer2                             0x20000e78   Data        1024  main.o(.bss)
    LeftBuffer1                              0x20001278   Data        1024  main.o(.bss)
    LeftBuffer2                              0x20001678   Data        1024  main.o(.bss)
    Array                                    0x20001a78   Data        4400  main.o(.bss)
    MyFFT                                    0x20002ba8   Data          24  main.o(.bss)
    FFT_RawDataOut                           0x20002bc0   Data        1024  main.o(.bss)
    FFT_PowerSpectrum                        0x20002fc0   Data        1024  main.o(.bss)
    eGFX_Animators                           0x20003400   Data         128  egfx.o(.bss)
    eGFX_Objects                             0x20003480   Data         256  egfx.o(.bss)
    eGFX_BackBuffer                          0x20003580   Data          12  egfx_driver_lpcxpresso_54608.o(.bss)
    Image$$ARM_LIB_STACK$$ZI$$Limit          0x20028000   Number         0  anon$$obj.o ABSOLUTE



==============================================================================

Memory Map of the image

  Image Entry point : 0x000004c1

  Load Region LR_m_text (Base: 0x00000000, Size: 0x0001da44, Max: 0x00080000, ABSOLUTE, COMPRESSED[0x0001d5c4])

    Execution Region VECTOR_ROM (Base: 0x00000000, Size: 0x00000124, Max: 0x00000400, ABSOLUTE)

    Base Addr    Size         Type   Attr      Idx    E Section Name        Object

    0x00000000   0x00000124   Data   RO            4    RESET               startup_lpc54608.o


    Execution Region VECTOR_RAM (Base: 0x00000000, Size: 0x00000000, Max: 0x00000000, ABSOLUTE)

    Base Addr    Size         Type   Attr      Idx    E Section Name        Object

    0x00000000   0x00000000   Zero   RW            1    VECTOR_RAM.bss      anon$$obj.o


    Execution Region ER_m_text (Base: 0x00000400, Size: 0x0001d120, Max: 0x0007fc00, ABSOLUTE, FIXED)

    Base Addr    Size         Type   Attr      Idx    E Section Name        Object

    0x00000400   0x000000c0   Code   RO         6269    . text              CMSIS_DSP_4_5_O3.lib(arm_bitreversal2.o)
    0x000004c0   0x00000000   Code   RO         6279  * .ARM.Collect$$$$00000000  mc_w.l(entry.o)
    0x000004c0   0x00000004   Code   RO         6326    .ARM.Collect$$$$00000003  mc_w.l(entry4.o)
    0x000004c4   0x00000004   Code   RO         6329    .ARM.Collect$$$$00000004  mc_w.l(entry5.o)
    0x000004c8   0x00000000   Code   RO         6331    .ARM.Collect$$$$00000008  mc_w.l(entry7b.o)
    0x000004c8   0x00000000   Code   RO         6333    .ARM.Collect$$$$0000000A  mc_w.l(entry8b.o)
    0x000004c8   0x00000008   Code   RO         6334    .ARM.Collect$$$$0000000B  mc_w.l(entry9a.o)
    0x000004d0   0x00000000   Code   RO         6336    .ARM.Collect$$$$0000000D  mc_w.l(entry10a.o)
    0x000004d0   0x00000000   Code   RO         6338    .ARM.Collect$$$$0000000F  mc_w.l(entry11a.o)
    0x000004d0   0x00000004   Code   RO         6327    .ARM.Collect$$$$00002714  mc_w.l(entry4.o)
    0x000004d4   0x000001ec   Code   RO            5    .text               startup_lpc54608.o
    0x000006c0   0x00000062   Code   RO         6282    .text               mc_w.l(uldiv.o)
    0x00000722   0x00000024   Code   RO         6284    .text               mc_w.l(memcpya.o)
    0x00000746   0x00000024   Code   RO         6286    .text               mc_w.l(memseta.o)
    0x0000076a   0x0000000e   Code   RO         6288    .text               mc_w.l(strlen.o)
    0x00000778   0x00000030   Code   RO         6324    .text               mf_w.l(cdrcmple.o)
    0x000007a8   0x0000002c   Code   RO         6340    .text               mc_w.l(uidiv.o)
    0x000007d4   0x0000001e   Code   RO         6342    .text               mc_w.l(llshl.o)
    0x000007f2   0x00000020   Code   RO         6344    .text               mc_w.l(llushr.o)
    0x00000812   0x00000000   Code   RO         6346    .text               mc_w.l(iusefp.o)
    0x00000812   0x0000014e   Code   RO         6347    .text               mf_w.l(dadd.o)
    0x00000960   0x000000e4   Code   RO         6349    .text               mf_w.l(dmul.o)
    0x00000a44   0x000000de   Code   RO         6351    .text               mf_w.l(ddiv.o)
    0x00000b22   0x00000030   Code   RO         6353    .text               mf_w.l(dfixul.o)
    0x00000b52   0x00000002   PAD
    0x00000b54   0x00000024   Code   RO         6355    .text               mc_w.l(init.o)
    0x00000b78   0x00000024   Code   RO         6357    .text               mc_w.l(llsshr.o)
    0x00000b9c   0x000000ba   Code   RO         6359    .text               mf_w.l(depilogue.o)
    0x00000c56   0x00000056   Code   RO         6369    .text               mc_w.l(__dczerorl2.o)
    0x00000cac   0x000000c0   Code   RO         5673    i.APP_LCDC_Init     egfx_driver_lpcxpresso_54608.o
    0x00000d6c   0x00000058   Code   RO         4946    i.BOARD_BootClock_PLL_RUN  clock_config.o
    0x00000dc4   0x0000006c   Code   RO         4877    i.BOARD_InitDebugConsole  board.o
    0x00000e30   0x0000005c   Code   RO         5674    i.BOARD_InitPWM     egfx_driver_lpcxpresso_54608.o
    0x00000e8c   0x000006b8   Code   RO         4994    i.BOARD_InitPins    pin_mux.o
    0x00001544   0x0000009c   Code   RO         4878    i.BOARD_InitSDRAM   board.o
    0x000015e0   0x00000054   Code   RO         4879    i.BOARD_InitSPIFI_ExternalFlash  board.o
    0x00001634   0x00000058   Code   RO         2948    i.CAN0_IRQ0_DriverIRQHandler  fsl_mcan.o
    0x0000168c   0x00000058   Code   RO         2949    i.CAN0_IRQ1_DriverIRQHandler  fsl_mcan.o
    0x000016e4   0x00000058   Code   RO         2950    i.CAN1_IRQ0_DriverIRQHandler  fsl_mcan.o
    0x0000173c   0x00000058   Code   RO         2951    i.CAN1_IRQ1_DriverIRQHandler  fsl_mcan.o
    0x00001794   0x0000004c   Code   RO          445    i.CLOCK_AttachClk   fsl_clock.o
    0x000017e0   0x00000028   Code   RO         2823    i.CLOCK_EnableClock  fsl_lcdc.o
    0x00001808   0x00000028   Code   RO         4677    i.CLOCK_EnableClock  main.o
    0x00001830   0x00000028   Code   RO         4995    i.CLOCK_EnableClock  pin_mux.o
    0x00001858   0x00000038   Code   RO          452    i.CLOCK_Enable_SysOsc  fsl_clock.o
    0x00001890   0x0000004c   Code   RO          453    i.CLOCK_GetAdcClkFreq  fsl_clock.o
    0x000018dc   0x00000030   Code   RO          454    i.CLOCK_GetAsyncApbClkFreq  fsl_clock.o
    0x0000190c   0x00000034   Code   RO          455    i.CLOCK_GetAudioPLLInClockRate  fsl_clock.o
    0x00001940   0x0000005a   Code   RO          457    i.CLOCK_GetAudioPLLOutFromSetup  fsl_clock.o
    0x0000199a   0x00000002   PAD
    0x0000199c   0x00000014   Code   RO          458    i.CLOCK_GetAudioPLLOutFromSetupUpdate  fsl_clock.o
    0x000019b0   0x0000000c   Code   RO          459    i.CLOCK_GetAudioPllOutFreq  fsl_clock.o
    0x000019bc   0x00000078   Code   RO          460    i.CLOCK_GetClockOutClkFreq  fsl_clock.o
    0x00001a34   0x0000007c   Code   RO          461    i.CLOCK_GetCoreSysClkFreq  fsl_clock.o
    0x00001ab0   0x00000008   Code   RO          462    i.CLOCK_GetExtClkFreq  fsl_clock.o
    0x00001ab8   0x0000005c   Code   RO          464    i.CLOCK_GetFlexCommClkFreq  fsl_clock.o
    0x00001b14   0x000002c8   Code   RO          465    i.CLOCK_GetFreq     fsl_clock.o
    0x00001ddc   0x0000001c   Code   RO          466    i.CLOCK_GetFro12MFreq  fsl_clock.o
    0x00001df8   0x00000040   Code   RO          467    i.CLOCK_GetFroHfFreq  fsl_clock.o
    0x00001e38   0x00000004   Code   RO          468    i.CLOCK_GetI2SMClkFreq  fsl_clock.o
    0x00001e3c   0x00000040   Code   RO          469    i.CLOCK_GetLcdClkFreq  fsl_clock.o
    0x00001e7c   0x00000004   Code   RO          470    i.CLOCK_GetLcdClkIn  fsl_clock.o
    0x00001e80   0x00000040   Code   RO          471    i.CLOCK_GetMclkClkFreq  fsl_clock.o
    0x00001ec0   0x00000006   Code   RO          472    i.CLOCK_GetOsc32KFreq  fsl_clock.o
    0x00001ec6   0x00000002   PAD
    0x00001ec8   0x00000138   Code   RO          473    i.CLOCK_GetPllConfig  fsl_clock.o
    0x00002000   0x0000000c   Code   RO          474    i.CLOCK_GetPllOutFreq  fsl_clock.o
    0x0000200c   0x0000004c   Code   RO          475    i.CLOCK_GetSctClkFreq  fsl_clock.o
    0x00002058   0x0000005c   Code   RO          476    i.CLOCK_GetSdioClkFreq  fsl_clock.o
    0x000020b4   0x0000005c   Code   RO          477    i.CLOCK_GetSpifiClkFreq  fsl_clock.o
    0x00002110   0x0000004c   Code   RO          478    i.CLOCK_GetSystemPLLInClockRate  fsl_clock.o
    0x0000215c   0x0000005a   Code   RO          480    i.CLOCK_GetSystemPLLOutFromSetup  fsl_clock.o
    0x000021b6   0x00000002   PAD
    0x000021b8   0x00000014   Code   RO          481    i.CLOCK_GetSystemPLLOutFromSetupUpdate  fsl_clock.o
    0x000021cc   0x00000040   Code   RO          482    i.CLOCK_GetUsb0ClkFreq  fsl_clock.o
    0x0000220c   0x00000040   Code   RO          483    i.CLOCK_GetUsb1ClkFreq  fsl_clock.o
    0x0000224c   0x0000000c   Code   RO          487    i.CLOCK_GetUsbPllOutFreq  fsl_clock.o
    0x00002258   0x00000040   Code   RO          488    i.CLOCK_GetWdtOscFreq  fsl_clock.o
    0x00002298   0x00000028   Code   RO          489    i.CLOCK_SetClkDiv   fsl_clock.o
    0x000022c0   0x00000018   Code   RO          490    i.CLOCK_SetFLASHAccessCycles  fsl_clock.o
    0x000022d8   0x0000009c   Code   RO          491    i.CLOCK_SetFLASHAccessCyclesForFreq  fsl_clock.o
    0x00002374   0x00000032   Code   RO          498    i.CLOCK_SetupAudioPLLData  fsl_clock.o
    0x000023a6   0x00000002   PAD
    0x000023a8   0x000000e0   Code   RO          499    i.CLOCK_SetupAudioPLLPrec  fsl_clock.o
    0x00002488   0x00000032   Code   RO          501    i.CLOCK_SetupPLLData  fsl_clock.o
    0x000024ba   0x00000002   PAD
    0x000024bc   0x000000ec   Code   RO          503    i.CLOCK_SetupSystemPLLPrec  fsl_clock.o
    0x000025a8   0x0000000a   Code   RO          995    i.CTIMER0_DriverIRQHandler  fsl_ctimer.o
    0x000025b2   0x0000000a   Code   RO          996    i.CTIMER1_DriverIRQHandler  fsl_ctimer.o
    0x000025bc   0x0000000a   Code   RO          997    i.CTIMER2_DriverIRQHandler  fsl_ctimer.o
    0x000025c6   0x0000000a   Code   RO          998    i.CTIMER3_DriverIRQHandler  fsl_ctimer.o
    0x000025d0   0x0000000a   Code   RO          999    i.CTIMER4_DriverIRQHandler  fsl_ctimer.o
    0x000025da   0x00000004   Code   RO         1000    i.CTIMER_ClearStatusFlags  fsl_ctimer.o
    0x000025de   0x00000002   PAD
    0x000025e0   0x0000007c   Code   RO         1002    i.CTIMER_GenericIRQHandler  fsl_ctimer.o
    0x0000265c   0x000000ac   Code   RO         1122    i.DMA0_DriverIRQHandler  fsl_dma.o
    0x00002708   0x00000014   Code   RO         1242    i.DMIC0_DriverIRQHandler  fsl_dmic.o
    0x0000271c   0x000000a8   Code   RO          116    i.DbgConsole_ConvertRadixNumToString  fsl_debug_console.o
    0x000027c4   0x00000058   Code   RO          119    i.DbgConsole_Init   fsl_debug_console.o
    0x0000281c   0x00000034   Code   RO          120    i.DbgConsole_Printf  fsl_debug_console.o
    0x00002850   0x0000023a   Code   RO          121    i.DbgConsole_PrintfFormattedData  fsl_debug_console.o
    0x00002a8a   0x00000028   Code   RO          122    i.DbgConsole_PrintfPaddingCharacter  fsl_debug_console.o
    0x00002ab2   0x00000002   PAD
    0x00002ab4   0x00000024   Code   RO          123    i.DbgConsole_Putchar  fsl_debug_console.o
    0x00002ad8   0x0000003c   Code   RO         1507    i.EMC_CalculateTimerCycles  fsl_emc.o
    0x00002b14   0x000002a8   Code   RO         1509    i.EMC_DynamicMemInit  fsl_emc.o
    0x00002dbc   0x00000074   Code   RO         1510    i.EMC_GetInstance   fsl_emc.o
    0x00002e30   0x0000007c   Code   RO         1511    i.EMC_Init          fsl_emc.o
    0x00002eac   0x0000005a   Code   RO         1513    i.EMC_ModeOffset    fsl_emc.o
    0x00002f06   0x00000002   PAD
    0x00002f08   0x0000001c   Code   RO         1606    i.ETHERNET_DriverIRQHandler  fsl_enet.o
    0x00002f24   0x00000064   Code   RO         1855    i.FLEXCOMM0_DriverIRQHandler  fsl_flexcomm.o
    0x00002f88   0x00000064   Code   RO         1856    i.FLEXCOMM1_DriverIRQHandler  fsl_flexcomm.o
    0x00002fec   0x00000064   Code   RO         1857    i.FLEXCOMM2_DriverIRQHandler  fsl_flexcomm.o
    0x00003050   0x00000064   Code   RO         1858    i.FLEXCOMM3_DriverIRQHandler  fsl_flexcomm.o
    0x000030b4   0x00000064   Code   RO         1859    i.FLEXCOMM4_DriverIRQHandler  fsl_flexcomm.o
    0x00003118   0x00000064   Code   RO         1860    i.FLEXCOMM5_DriverIRQHandler  fsl_flexcomm.o
    0x0000317c   0x00000028   Code   RO         4679    i.FLEXCOMM6_DriverIRQHandler  main.o
    0x000031a4   0x0000010c   Code   RO         4680    i.FLEXCOMM7_DriverIRQHandler  main.o
    0x000032b0   0x00000064   Code   RO         1861    i.FLEXCOMM8_DriverIRQHandler  fsl_flexcomm.o
    0x00003314   0x00000064   Code   RO         1862    i.FLEXCOMM9_DriverIRQHandler  fsl_flexcomm.o
    0x00003378   0x00000050   Code   RO         1863    i.FLEXCOMM_GetInstance  fsl_flexcomm.o
    0x000033c8   0x00000054   Code   RO         1864    i.FLEXCOMM_Init     fsl_flexcomm.o
    0x0000341c   0x0000003a   Code   RO         1865    i.FLEXCOMM_PeripheralIsPresent  fsl_flexcomm.o
    0x00003456   0x00000044   Code   RO         1867    i.FLEXCOMM_SetPeriph  fsl_flexcomm.o
    0x0000349a   0x00000056   Code   RO          287    i.FT5406_GetSingleTouch  fsl_ft5406.o
    0x000034f0   0x00000100   Code   RO          288    i.FT5406_Init       fsl_ft5406.o
    0x000035f0   0x00000044   Code   RO          289    i.FT5406_ReadTouchData  fsl_ft5406.o
    0x00003634   0x00000014   Code   RO          504    i.FindGreatestCommonDivisor  fsl_clock.o
    0x00003648   0x00000028   Code   RO         2029    i.GINT0_DriverIRQHandler  fsl_gint.o
    0x00003670   0x00000028   Code   RO         2030    i.GINT1_DriverIRQHandler  fsl_gint.o
    0x00003698   0x00000014   Code   RO         1259    i.HWVAD0_IRQHandler  fsl_dmic.o
    0x000036ac   0x0000000a   Code   RO         2163    i.I2C_MasterClearStatusFlags  fsl_i2c.o
    0x000036b6   0x00000022   Code   RO         2165    i.I2C_MasterEnable  fsl_i2c.o
    0x000036d8   0x00000014   Code   RO         2166    i.I2C_MasterGetDefaultConfig  fsl_i2c.o
    0x000036ec   0x00000024   Code   RO         2167    i.I2C_MasterInit    fsl_i2c.o
    0x00003710   0x000000d8   Code   RO         2168    i.I2C_MasterReadBlocking  fsl_i2c.o
    0x000037e8   0x00000014   Code   RO         2169    i.I2C_MasterRepeatedStart  fsl_i2c.o
    0x000037fc   0x00000088   Code   RO         2170    i.I2C_MasterSetBaudRate  fsl_i2c.o
    0x00003884   0x00000022   Code   RO         2171    i.I2C_MasterStart   fsl_i2c.o
    0x000038a6   0x00000014   Code   RO         2172    i.I2C_MasterStop    fsl_i2c.o
    0x000038ba   0x00000002   PAD
    0x000038bc   0x000000fc   Code   RO         2174    i.I2C_MasterTransferBlocking  fsl_i2c.o
    0x000039b8   0x000000ec   Code   RO         2179    i.I2C_MasterWriteBlocking  fsl_i2c.o
    0x00003aa4   0x00000022   Code   RO         2180    i.I2C_PendingStatusWait  fsl_i2c.o
    0x00003ac6   0x00000002   PAD
    0x00003ac8   0x000000cc   Code   RO         2532    i.I2S_Config        fsl_i2s.o
    0x00003b94   0x0000000e   Code   RO         5933    i.I2S_Enable        audio.o
    0x00003ba2   0x00000006   Code   RO         5934    i.I2S_EnableInterrupts  audio.o
    0x00003ba8   0x00000030   Code   RO         2539    i.I2S_RxGetDefaultConfig  fsl_i2s.o
    0x00003bd8   0x0000004a   Code   RO         2541    i.I2S_RxInit        fsl_i2s.o
    0x00003c22   0x00000034   Code   RO         2548    i.I2S_TxGetDefaultConfig  fsl_i2s.o
    0x00003c56   0x00000054   Code   RO         2550    i.I2S_TxInit        fsl_i2s.o
    0x00003caa   0x0000000c   Code   RO         4996    i.IOCON_PinMuxSet   pin_mux.o
    0x00003cb6   0x00000002   PAD
    0x00003cb8   0x00000168   Code   RO         5935    i.InitAudio_CODEC   audio.o
    0x00003e20   0x0000008c   Code   RO         4681    i.InitMicBuffers    main.o
    0x00003eac   0x0000009c   Code   RO         4682    i.Init_SPI          main.o
    0x00003f48   0x00000016   Code   RO         2824    i.LCDC_ClearInterruptsStatus  fsl_lcdc.o
    0x00003f5e   0x00000020   Code   RO         2828    i.LCDC_EnableInterrupts  fsl_lcdc.o
    0x00003f7e   0x00000002   PAD
    0x00003f80   0x000000f4   Code   RO         2829    i.LCDC_GetClockDivider  fsl_lcdc.o
    0x00004074   0x00000034   Code   RO         2830    i.LCDC_GetDefaultConfig  fsl_lcdc.o
    0x000040a8   0x0000000c   Code   RO         2831    i.LCDC_GetEnabledInterruptsPendingStatus  fsl_lcdc.o
    0x000040b4   0x00000070   Code   RO         2832    i.LCDC_GetInstance  fsl_lcdc.o
    0x00004124   0x0000020c   Code   RO         2834    i.LCDC_Init         fsl_lcdc.o
    0x00004330   0x00000038   Code   RO         5675    i.LCD_IRQHandler    egfx_driver_lpcxpresso_54608.o
    0x00004368   0x00000016   Code   RO         5937    i.NVIC_EnableIRQ    audio.o
    0x0000437e   0x00000002   PAD
    0x00004380   0x00000028   Code   RO         5938    i.NVIC_SetPriority  audio.o
    0x000043a8   0x00000014   Code   RO         3293    i.PINT_PatternMatchResetDetectLogic  fsl_pint.o
    0x000043bc   0x00000008   Code   RO         3294    i.PINT_PinInterruptClrStatus  fsl_pint.o
    0x000043c4   0x0000002c   Code   RO         3297    i.PIN_INT0_DriverIRQHandler  fsl_pint.o
    0x000043f0   0x0000002c   Code   RO         3298    i.PIN_INT1_DriverIRQHandler  fsl_pint.o
    0x0000441c   0x0000002c   Code   RO         3299    i.PIN_INT2_DriverIRQHandler  fsl_pint.o
    0x00004448   0x0000002c   Code   RO         3300    i.PIN_INT3_DriverIRQHandler  fsl_pint.o
    0x00004474   0x0000002c   Code   RO         3301    i.PIN_INT4_DriverIRQHandler  fsl_pint.o
    0x000044a0   0x0000002c   Code   RO         3302    i.PIN_INT5_DriverIRQHandler  fsl_pint.o
    0x000044cc   0x0000002c   Code   RO         3303    i.PIN_INT6_DriverIRQHandler  fsl_pint.o
    0x000044f8   0x0000002c   Code   RO         3304    i.PIN_INT7_DriverIRQHandler  fsl_pint.o
    0x00004524   0x00000014   Code   RO          505    i.POWER_DisablePD   fsl_clock.o
    0x00004538   0x00000014   Code   RO         4947    i.POWER_DisablePD   clock_config.o
    0x0000454c   0x00000014   Code   RO          506    i.POWER_EnablePD    fsl_clock.o
    0x00004560   0x00000020   Code   RO         6003    i.POWER_SetPLL      keil_lib_power.lib(fsl_power_lib.o)
    0x00004580   0x00000074   Code   RO         6005    i.POWER_SetVoltageForFreq  keil_lib_power.lib(fsl_power_lib.o)
    0x000045f4   0x00000014   Code   RO         6007    i.POWER_setVdLevel  keil_lib_power.lib(fsl_power_lib.o)
    0x00004608   0x00000080   Code   RO         3443    i.RESET_ClearPeripheralReset  fsl_reset.o
    0x00004688   0x00000012   Code   RO         3444    i.RESET_PeripheralReset  fsl_reset.o
    0x0000469a   0x00000002   PAD
    0x0000469c   0x00000080   Code   RO         3445    i.RESET_SetPeripheralReset  fsl_reset.o
    0x0000471c   0x00000014   Code   RO         3622    i.SCT0_IRQHandler   fsl_sctimer.o
    0x00004730   0x000001d8   Code   RO         3623    i.SCTIMER_CreateAndScheduleEvent  fsl_sctimer.o
    0x00004908   0x00000050   Code   RO         3625    i.SCTIMER_EventHandleIRQ  fsl_sctimer.o
    0x00004958   0x0000004c   Code   RO         3627    i.SCTIMER_GetDefaultConfig  fsl_sctimer.o
    0x000049a4   0x00000070   Code   RO         3628    i.SCTIMER_GetInstance  fsl_sctimer.o
    0x00004a14   0x0000012c   Code   RO         3630    i.SCTIMER_Init      fsl_sctimer.o
    0x00004b40   0x0000001e   Code   RO         3634    i.SCTIMER_SetupOutputClearAction  fsl_sctimer.o
    0x00004b5e   0x0000001a   Code   RO         3635    i.SCTIMER_SetupOutputSetAction  fsl_sctimer.o
    0x00004b78   0x000001f4   Code   RO         3637    i.SCTIMER_SetupPwm  fsl_sctimer.o
    0x00004d6c   0x00000058   Code   RO         3778    i.SDIO_DriverIRQHandler  fsl_sdif.o
    0x00004dc4   0x0000001e   Code   RO         4175    i.SPIFI_GetDefaultConfig  fsl_spifi.o
    0x00004de2   0x00000002   PAD
    0x00004de4   0x00000074   Code   RO         4176    i.SPIFI_GetInstance  fsl_spifi.o
    0x00004e58   0x000000d4   Code   RO         4177    i.SPIFI_Init        fsl_spifi.o
    0x00004f2c   0x0000006c   Code   RO         4178    i.SPIFI_SetCommand  fsl_spifi.o
    0x00004f98   0x00000042   Code   RO         4179    i.SPIFI_SetMemoryCommand  fsl_spifi.o
    0x00004fda   0x00000002   PAD
    0x00004fdc   0x00000028   Code   RO           15    i.SystemInit        system_lpc54608.o
    0x00005004   0x00000058   Code   RO         4323    i.USART_GetDefaultConfig  fsl_usart.o
    0x0000505c   0x00000138   Code   RO         4325    i.USART_Init        fsl_usart.o
    0x00005194   0x000000f8   Code   RO         4326    i.USART_ReadBlocking  fsl_usart.o
    0x0000528c   0x000000f0   Code   RO         4327    i.USART_SetBaudRate  fsl_usart.o
    0x0000537c   0x00000098   Code   RO         4340    i.USART_WriteBlocking  fsl_usart.o
    0x00005414   0x0000001c   Code   RO         4542    i.UTICK0_DriverIRQHandler  fsl_utick.o
    0x00005430   0x0000001a   Code   RO         5837    i.WM8904_GetDefaultConfig  fsl_wm8904.o
    0x0000544a   0x00000224   Code   RO         5838    i.WM8904_Init       fsl_wm8904.o
    0x0000566e   0x0000003e   Code   RO         5839    i.WM8904_ModifyRegister  fsl_wm8904.o
    0x000056ac   0x0000004c   Code   RO         5841    i.WM8904_ReadRegister  fsl_wm8904.o
    0x000056f8   0x0000005e   Code   RO         5842    i.WM8904_SetAudioFormat  fsl_wm8904.o
    0x00005756   0x0000000c   Code   RO         5843    i.WM8904_SetMasterSlave  fsl_wm8904.o
    0x00005762   0x00000014   Code   RO         5845    i.WM8904_SetProtocol  fsl_wm8904.o
    0x00005776   0x0000003a   Code   RO         5846    i.WM8904_SetVolume  fsl_wm8904.o
    0x000057b0   0x00000024   Code   RO         5847    i.WM8904_WaitOnWriteSequencer  fsl_wm8904.o
    0x000057d4   0x0000004c   Code   RO         5848    i.WM8904_WriteRegister  fsl_wm8904.o
    0x00005820   0x0000002c   Code   RO         6298    i.__0vsnprintf      mc_w.l(printfa.o)
    0x0000584c   0x00000044   Code   RO          887    i.__aeabi_assert    fsl_common.o
    0x00005890   0x0000000e   Code   RO         6363    i.__scatterload_copy  mc_w.l(handlers.o)
    0x0000589e   0x00000002   Code   RO         6364    i.__scatterload_null  mc_w.l(handlers.o)
    0x000058a0   0x0000000e   Code   RO         6365    i.__scatterload_zeroinit  mc_w.l(handlers.o)
    0x000058ae   0x00000002   PAD
    0x000058b0   0x00000184   Code   RO         6300    i._fp_digits        mc_w.l(printfa.o)
    0x00005a34   0x000006dc   Code   RO         6301    i._printf_core      mc_w.l(printfa.o)
    0x00006110   0x00000024   Code   RO         6302    i._printf_post_padding  mc_w.l(printfa.o)
    0x00006134   0x0000002e   Code   RO         6303    i._printf_pre_padding  mc_w.l(printfa.o)
    0x00006162   0x00000016   Code   RO         6304    i._snputc           mc_w.l(printfa.o)
    0x00006178   0x000000cc   Code   RO         6212    i.arm_cfft_f32      CMSIS_DSP_4_5_O3.lib(arm_cfft_f32.o)
    0x00006244   0x00000188   Code   RO         6213    i.arm_cfft_radix8by2_f32  CMSIS_DSP_4_5_O3.lib(arm_cfft_f32.o)
    0x000063cc   0x0000042c   Code   RO         6214    i.arm_cfft_radix8by4_f32  CMSIS_DSP_4_5_O3.lib(arm_cfft_f32.o)
    0x000067f8   0x00000092   Code   RO         6027    i.arm_cmplx_mag_squared_f32  CMSIS_DSP_4_5_O3.lib(arm_cmplx_mag_squared_f32.o)
    0x0000688a   0x00000002   PAD
    0x0000688c   0x000004c4   Code   RO         6248    i.arm_radix8_butterfly_f32  CMSIS_DSP_4_5_O3.lib(arm_cfft_radix8_f32.o)
    0x00006d50   0x00000044   Code   RO         6066    i.arm_rfft_fast_f32  CMSIS_DSP_4_5_O3.lib(arm_rfft_fast_f32.o)
    0x00006d94   0x00000128   Code   RO         6102    i.arm_rfft_fast_init_f32  CMSIS_DSP_4_5_O3.lib(arm_rfft_fast_init_f32.o)
    0x00006ebc   0x00000038   Code   RO         4881    i.check_if_finish   board.o
    0x00006ef4   0x000000c0   Code   RO         4683    i.clearDisk         main.o
    0x00006fb4   0x0000000c   Code   RO         4684    i.delay             main.o
    0x00006fc0   0x00000014   Code   RO         5047    i.eGFX_BitStreamGet  egfx.o
    0x00006fd4   0x00000024   Code   RO         5048    i.eGFX_BitStreamPut  egfx.o
    0x00006ff8   0x0000004a   Code   RO         5049    i.eGFX_Blit         egfx.o
    0x00007042   0x0000004e   Code   RO         5050    i.eGFX_BlitColored  egfx.o
    0x00007090   0x0000004c   Code   RO         5059    i.eGFX_DrawCharacterColored  egfx.o
    0x000070dc   0x0000004c   Code   RO         5083    i.eGFX_DrawStringColored  egfx.o
    0x00007128   0x00000050   Code   RO         5676    i.eGFX_Dump         egfx_driver_lpcxpresso_54608.o
    0x00007178   0x0000014e   Code   RO         5098    i.eGFX_GetPixel     egfx.o
    0x000072c6   0x00000042   Code   RO         5099    i.eGFX_GetStringWidth  egfx.o
    0x00007308   0x0000000e   Code   RO         5101    i.eGFX_ImagePlaneInit  egfx.o
    0x00007316   0x000000ce   Code   RO         5102    i.eGFX_ImagePlane_Clear  egfx.o
    0x000073e4   0x00000040   Code   RO         5677    i.eGFX_InitDriver   egfx_driver_lpcxpresso_54608.o
    0x00007424   0x0000015e   Code   RO         5122    i.eGFX_PutPixel     egfx.o
    0x00007582   0x00000002   PAD
    0x00007584   0x00000010   Code   RO         5678    i.eGFX_WaitForVSync  egfx_driver_lpcxpresso_54608.o
    0x00007594   0x00000050   Code   RO         5132    i.eGFX_printf_Colored  egfx.o
    0x000075e4   0x0000002c   Code   RO         4882    i.enable_quad_mode  board.o
    0x00007610   0x0000001a   Code   RO          507    i.findPllMMult      fsl_clock.o
    0x0000762a   0x00000020   Code   RO          508    i.findPllPostDiv    fsl_clock.o
    0x0000764a   0x00000020   Code   RO          509    i.findPllPreDiv     fsl_clock.o
    0x0000766a   0x00000002   PAD
    0x0000766c   0x000004fa   Code   RO         4685    i.lightning         main.o
    0x00007b66   0x00000002   PAD
    0x00007b68   0x000004a4   Code   RO         4686    i.main              main.o
    0x0000800c   0x000000a0   Code   RO         6067    i.merge_rfft_f32    CMSIS_DSP_4_5_O3.lib(arm_rfft_fast_f32.o)
    0x000080ac   0x00000a68   Code   RO         4687    i.pieChunks         main.o
    0x00008b14   0x0000005c   Code   RO          510    i.pllDecodeM        fsl_clock.o
    0x00008b70   0x0000005c   Code   RO          511    i.pllDecodeN        fsl_clock.o
    0x00008bcc   0x0000004e   Code   RO          512    i.pllDecodeP        fsl_clock.o
    0x00008c1a   0x00000002   PAD
    0x00008c1c   0x00000054   Code   RO          513    i.pllEncodeM        fsl_clock.o
    0x00008c70   0x00000052   Code   RO          514    i.pllEncodeN        fsl_clock.o
    0x00008cc2   0x00000042   Code   RO          515    i.pllEncodeP        fsl_clock.o
    0x00008d04   0x00000072   Code   RO          516    i.pllFindSel        fsl_clock.o
    0x00008d76   0x00000002   PAD
    0x00008d78   0x00000038   Code   RO         4688    i.setLeds           main.o
    0x00008db0   0x000000f4   Code   RO         4689    i.showleds          main.o
    0x00008ea4   0x000000aa   Code   RO         6068    i.stage_rfft_f32    CMSIS_DSP_4_5_O3.lib(arm_rfft_fast_f32.o)
    0x00008f4e   0x000000ce   Code   RO         4691    i.stopLight         main.o
    0x0000901c   0x000000c8   Code   RO         4692    i.threshCompare     main.o
    0x000090e4   0x0000005c   Data   RO          517    .constdata          fsl_clock.o
    0x00009140   0x00000039   Data   RO         1013    .constdata          fsl_ctimer.o
    0x00009179   0x00000003   PAD
    0x0000917c   0x00000008   Data   RO         1515    .constdata          fsl_emc.o
    0x00009184   0x00000048   Data   RO         1869    .constdata          fsl_flexcomm.o
    0x000091cc   0x00000016   Data   RO         2042    .constdata          fsl_gint.o
    0x000091e2   0x00000002   PAD
    0x000091e4   0x0000000c   Data   RO         2840    .constdata          fsl_lcdc.o
    0x000091f0   0x0000000c   Data   RO         3640    .constdata          fsl_sctimer.o
    0x000091fc   0x00000006   Data   RO         4180    .constdata          fsl_spifi.o
    0x00009202   0x00000002   PAD
    0x00009204   0x0000001c   Data   RO         4948    .constdata          clock_config.o
    0x00009220   0x00000e6c   Data   RO         5778    .constdata          ocr_a_extended__20px__bold__singlebitperpixelgridfit_1bpp.o
    0x0000a08c   0x0000001c   Data   RO         5940    .constdata          audio.o
    0x0000a0a8   0x00000080   Data   RO         6131    .constdata          CMSIS_DSP_4_5_O3.lib(arm_common_tables.o)
    0x0000a128   0x00000100   Data   RO         6132    .constdata          CMSIS_DSP_4_5_O3.lib(arm_common_tables.o)
    0x0000a228   0x00000200   Data   RO         6133    .constdata          CMSIS_DSP_4_5_O3.lib(arm_common_tables.o)
    0x0000a428   0x00000400   Data   RO         6134    .constdata          CMSIS_DSP_4_5_O3.lib(arm_common_tables.o)
    0x0000a828   0x00000800   Data   RO         6135    .constdata          CMSIS_DSP_4_5_O3.lib(arm_common_tables.o)
    0x0000b028   0x00001000   Data   RO         6136    .constdata          CMSIS_DSP_4_5_O3.lib(arm_common_tables.o)
    0x0000c028   0x00002000   Data   RO         6137    .constdata          CMSIS_DSP_4_5_O3.lib(arm_common_tables.o)
    0x0000e028   0x00004000   Data   RO         6138    .constdata          CMSIS_DSP_4_5_O3.lib(arm_common_tables.o)
    0x00012028   0x00000028   Data   RO         6160    .constdata          CMSIS_DSP_4_5_O3.lib(arm_common_tables.o)
    0x00012050   0x00000060   Data   RO         6161    .constdata          CMSIS_DSP_4_5_O3.lib(arm_common_tables.o)
    0x000120b0   0x00000070   Data   RO         6162    .constdata          CMSIS_DSP_4_5_O3.lib(arm_common_tables.o)
    0x00012120   0x000001a0   Data   RO         6163    .constdata          CMSIS_DSP_4_5_O3.lib(arm_common_tables.o)
    0x000122c0   0x00000370   Data   RO         6164    .constdata          CMSIS_DSP_4_5_O3.lib(arm_common_tables.o)
    0x00012630   0x00000380   Data   RO         6165    .constdata          CMSIS_DSP_4_5_O3.lib(arm_common_tables.o)
    0x000129b0   0x00000e10   Data   RO         6166    .constdata          CMSIS_DSP_4_5_O3.lib(arm_common_tables.o)
    0x000137c0   0x00001dc0   Data   RO         6167    .constdata          CMSIS_DSP_4_5_O3.lib(arm_common_tables.o)
    0x00015580   0x00000080   Data   RO         6178    .constdata          CMSIS_DSP_4_5_O3.lib(arm_common_tables.o)
    0x00015600   0x00000100   Data   RO         6179    .constdata          CMSIS_DSP_4_5_O3.lib(arm_common_tables.o)
    0x00015700   0x00000200   Data   RO         6180    .constdata          CMSIS_DSP_4_5_O3.lib(arm_common_tables.o)
    0x00015900   0x00000400   Data   RO         6181    .constdata          CMSIS_DSP_4_5_O3.lib(arm_common_tables.o)
    0x00015d00   0x00000800   Data   RO         6182    .constdata          CMSIS_DSP_4_5_O3.lib(arm_common_tables.o)
    0x00016500   0x00001000   Data   RO         6183    .constdata          CMSIS_DSP_4_5_O3.lib(arm_common_tables.o)
    0x00017500   0x00002000   Data   RO         6184    .constdata          CMSIS_DSP_4_5_O3.lib(arm_common_tables.o)
    0x00019500   0x00004000   Data   RO         6185    .constdata          CMSIS_DSP_4_5_O3.lib(arm_common_tables.o)
    0x0001d500   0x00000020   Data   RO         6361    Region$$Table       anon$$obj.o


    Execution Region RW_m_data (Base: 0x20000000, Size: 0x000035b4, Max: 0x00027800, ABSOLUTE, COMPRESSED[0x000000a4])

    Base Addr    Size         Type   Attr      Idx    E Section Name        Object

    0x20000000   0x00000004   Data   RW           24    .data               system_lpc54608.o
    0x20000004   0x00000004   Data   RW          263    .data               sdram.o
    0x20000008   0x0000000c   Data   RW          518    .data               fsl_clock.o
    0x20000014   0x00000005   Data   RW         1014    .data               fsl_ctimer.o
    0x20000019   0x00000003   PAD
    0x2000001c   0x00000008   Data   RW         1262    .data               fsl_dmic.o
    0x20000024   0x00000010   Data   RW         1516    .data               fsl_emc.o
    0x20000034   0x00000008   Data   RW         1609    .data               fsl_enet.o
    0x2000003c   0x00000008   Data   RW         2043    .data               fsl_gint.o
    0x20000044   0x0000000c   Data   RW         2995    .data               fsl_mcan.o
    0x20000050   0x00000010   Data   RW         3641    .data               fsl_sctimer.o
    0x20000060   0x00000008   Data   RW         3780    .data               fsl_sdif.o
    0x20000068   0x00000008   Data   RW         4551    .data               fsl_utick.o
    0x20000070   0x00000480   Data   RW         4694    .data               main.o
    0x200004f0   0x00000030   Data   RW         4884    .data               board.o
    0x20000520   0x00000001   Data   RW         5680    .data               egfx_driver_lpcxpresso_54608.o
    0x20000521   0x00000003   PAD
    0x20000524   0x00000010   Zero   RW          129    .bss                fsl_debug_console.o
    0x20000534   0x00000014   Zero   RW         1012    .bss                fsl_ctimer.o
    0x20000548   0x000000b8   PAD
    0x20000600   0x000003e0   Zero   RW         1137    .bss                fsl_dma.o
    0x200009e0   0x00000050   Zero   RW         1868    .bss                fsl_flexcomm.o
    0x20000a30   0x00000020   Zero   RW         3305    .bss                fsl_pint.o
    0x20000a50   0x00000028   Zero   RW         3639    .bss                fsl_sctimer.o
    0x20000a78   0x00002948   Zero   RW         4693    .bss                main.o
    0x200033c0   0x000001c0   Zero   RW         5134    .bss                egfx.o
    0x20003580   0x0000000c   Zero   RW         5679    .bss                egfx_driver_lpcxpresso_54608.o
    0x2000358c   0x00000028   Zero   RW         5939    .bss                audio.o


    Execution Region ARM_LIB_HEAP (Base: 0x200035b4, Size: 0x00000400, Max: 0x00000400, ABSOLUTE)

    Base Addr    Size         Type   Attr      Idx    E Section Name        Object

    0x200035b4   0x00000400   Zero   RW            2    ARM_LIB_HEAP.bss    anon$$obj.o


    Execution Region ARM_LIB_STACK (Base: 0x20027c00, Size: 0x00000400, Max: 0x00000400, ABSOLUTE)

    Base Addr    Size         Type   Attr      Idx    E Section Name        Object

    0x20027c00   0x00000400   Zero   RW            3    ARM_LIB_STACK.bss   anon$$obj.o



  Load Region LR_EROM1 (Base: 0x10000000, Size: 0x0001cca4, Max: 0x10000000, ABSOLUTE)

    Execution Region ER_EROM1 (Base: 0x10000000, Size: 0x0001cca4, Max: 0x10000000, ABSOLUTE)

    Base Addr    Size         Type   Attr      Idx    E Section Name        Object

    0x10000000   0x0001cca4   Data   RO         5790    ExtFlashSection     sprites_16bpp_565.o


==============================================================================

Image component sizes


      Code (inc. data)   RO Data    RW Data    ZI Data      Debug   Object Name

       442         78         28          0         40      35893   audio.o
       448        100          0         48          0       6681   board.o
       108         24         28          0          0       2454   clock_config.o
      1410         30          0          0        448      14283   egfx.o
       500         48          0          1         12      15825   egfx_driver_lpcxpresso_54608.o
         0          0          0          0          0       3708   font_5_7_1bpp.o
         0          0          0          0          0      19244   fsl_adc.o
      4232        324         92         12          0      50038   fsl_clock.o
        68         44          0          0          0        637   fsl_common.o
         0          0          0          0          0      12884   fsl_crc.o
       178         14         57          5         20       7034   fsl_ctimer.o
       954         28          0          0         16     567733   fsl_debug_console.o
       172          4          0          0        992      33732   fsl_dma.o
        40          8          0          8          0       4081   fsl_dmic.o
      1070        182          8         16          0       7612   fsl_emc.o
        28         12          0          8          0      10438   fsl_enet.o
      1090        566         72          0         80       8340   fsl_flexcomm.o
       410         92          0          0          0      10225   fsl_ft5406.o
        80         16         22          8          0       2326   fsl_gint.o
      1048        106          0          0          0      16745   fsl_i2c.o
       462         38          0          0          0       5808   fsl_i2s.o
      1038        242         12          0          0      21990   fsl_lcdc.o
       352        208          0         12          0       8996   fsl_mcan.o
       380         32          0          0         32       9652   fsl_pint.o
       274         96          0          0          0       2316   fsl_reset.o
      1616        282         12         16         40      12769   fsl_sctimer.o
        88         52          0          8          0       8048   fsl_sdif.o
       532        116          6          0          0       6166   fsl_spifi.o
      1040        334          0          0          0      10549   fsl_usart.o
        28         12          0          8          0       1618   fsl_utick.o
      1008          0          0          0          0       9988   fsl_wm8904.o
      6680        398          0       1152      10568      44435   main.o
         0          0       3692          0          0      35662   ocr_a_extended__20px__bold__singlebitperpixelgridfit_1bpp.o
      1772         24          0          0          0       3569   pin_mux.o
         0          0          0          4          0        828   sdram.o
         0          0     117924          0          0       4749   sprites_16bpp_565.o
       492        236        292          0          0       3628   startup_lpc54608.o
        40         12          0          4          0       5931   system_lpc54608.o

    ----------------------------------------------------------------------
     28122       3758     122284       1316      14480    1026615   Object Totals
         0          0         32          0       2048          0   (incl. Generated)
        42          0          7          6        184          0   (incl. Padding)

    ----------------------------------------------------------------------

      Code (inc. data)   RO Data    RW Data    ZI Data      Debug   Library Member Name

       192          0          0          0          0        564   arm_bitreversal2.o
      1664          0          0          0          0       4681   arm_cfft_f32.o
      1220          4          0          0          0       3023   arm_cfft_radix8_f32.o
       146          0          0          0          0      14448   arm_cmplx_mag_squared_f32.o
         0          0      78936          0          0       4700   arm_common_tables.o
       398          0          0          0          0       3046   arm_rfft_fast_f32.o
       296         98          0          0          0       1293   arm_rfft_fast_init_f32.o
       168         20          0          0          0        364   fsl_power_lib.o
        86          0          0          0          0          0   __dczerorl2.o
         0          0          0          0          0          0   entry.o
         0          0          0          0          0          0   entry10a.o
         0          0          0          0          0          0   entry11a.o
         8          4          0          0          0          0   entry4.o
         4          0          0          0          0          0   entry5.o
         0          0          0          0          0          0   entry7b.o
         0          0          0          0          0          0   entry8b.o
         8          4          0          0          0          0   entry9a.o
        30          0          0          0          0          0   handlers.o
        36          8          0          0          0         68   init.o
         0          0          0          0          0          0   iusefp.o
        30          0          0          0          0         68   llshl.o
        36          0          0          0          0         68   llsshr.o
        32          0          0          0          0         68   llushr.o
        36          0          0          0          0         68   memcpya.o
        36          0          0          0          0        108   memseta.o
      2292         84          0          0          0        516   printfa.o
        14          0          0          0          0         68   strlen.o
        44          0          0          0          0         80   uidiv.o
        98          0          0          0          0         92   uldiv.o
        48          0          0          0          0         68   cdrcmple.o
       334          0          0          0          0        148   dadd.o
       222          0          0          0          0        100   ddiv.o
       186          0          0          0          0        176   depilogue.o
        48          0          0          0          0         68   dfixul.o
       228          0          0          0          0         96   dmul.o

    ----------------------------------------------------------------------
      7946        222      78936          0          0      33979   Library Totals
         6          0          0          0          0          0   (incl. Padding)

    ----------------------------------------------------------------------

      Code (inc. data)   RO Data    RW Data    ZI Data      Debug   Library Name

      3916        102      78936          0          0      31755   CMSIS_DSP_4_5_O3.lib
       168         20          0          0          0        364   keil_lib_power.lib
      2790        100          0          0          0       1204   mc_w.l
      1066          0          0          0          0        656   mf_w.l

    ----------------------------------------------------------------------
      7946        222      78936          0          0      33979   Library Totals

    ----------------------------------------------------------------------

==============================================================================


      Code (inc. data)   RO Data    RW Data    ZI Data      Debug   

     36068       3980     201220       1316      14480    1038742   Grand Totals
     36068       3980     201220        164      14480    1038742   ELF Image Totals (compressed)
     36068       3980     201220        164          0          0   ROM Totals

==============================================================================

    Total RO  Size (Code + RO Data)               237288 ( 231.73kB)
    Total RW  Size (RW Data + ZI Data)             15796 (  15.43kB)
    Total ROM Size (Code + RO Data + RW Data)     237452 ( 231.89kB)

==============================================================================

