<html>
<body>
<pre>
<h1>µVision Build Log</h1>
<h2>Tool Versions:</h2>
IDE-Version: µVision V5.22.0.0
Copyright (C) 2016 ARM Ltd and ARM Germany GmbH. All rights reserved.
License Information: Matt Clemons Penn State Flex license: MDK-ARM Professional: 90 user(s) (mdk_pro) Operation stops: 2 Aug 2017
 
Tool Versions:
Toolchain:       MDK-ARM Professional: 90 user(s)  Version: 5.22
Toolchain Path:  C:\Keil_v5\ARM\ARMCC\Bin
C Compiler:      Armcc.exe V5.06 update 4 (build 422)
Assembler:       Armasm.exe V5.06 update 4 (build 422)
Linker/Locator:  ArmLink.exe V5.06 update 4 (build 422)
Library Manager: ArmAr.exe V5.06 update 4 (build 422)
Hex Converter:   FromElf.exe V5.06 update 4 (build 422)
CPU DLL:         SARMCM3.DLL V5.22
Dialog DLL:      DCM.DLL V1.13.9.0
Target DLL:      CMSIS_AGDI.dll V1.27.0.0
Dialog DLL:      TCM.DLL V1.21.0.0
 
<h2>Project:</h2>
C:\Users\Matt\Documents\PSUEE\EE 403W\Lab6\LAB6\Lab6.uvprojx
Project File Date:  04/24/2017

<h2>Output:</h2>
*** Using Compiler 'V5.06 update 4 (build 422)', folder: 'C:\Keil_v5\ARM\ARMCC\Bin'
Build Project 'Lab6' - Target 'Lab6'
compiling main.c...
linking...
Program Size: Code=36068 RO-data=201220 RW-data=1316 ZI-data=14480  
FromELF: creating hex file...
"debug\lab6.out" - 0 Error(s), 0 Warning(s).

<h2>Software Packages used:</h2>

Package Vendor: Keil
                http://www.keil.com/pack/Keil.LPC54000_DFP.2.2.0.pack
                Keil.LPCXpresso54608::Board Support:LPCOpen:1.0.0
                NXP LPC54000 Series Device Support
   * Component: LPCOpen Version: 1.0.0

<h2>Collection of Component include folders:</h2>
  C:\Users\Matt\Documents\PSUEE\EE 403W\Lab6\LAB6\RTE\_Lab6
  C:\Keil_v5\ARM\PACK\Keil\LPC54000_DFP\2.2.0\LPCOpen\lpc5460x\brd_eval54607\inc
  C:\Keil_v5\ARM\PACK\Keil\LPC54000_DFP\2.2.0\LPCOpen\lpc5460x\chip_5460x\inc

<h2>Collection of Component Files used:</h2>

   * Component: Keil.LPCXpresso54608::Board Support:LPCOpen:1.0.0
      Include file:  LPCOpen\lpc5460x\brd_eval54607\inc\board.h
      Library file:  LPCOpen\lpc5460x\prj_eval54607\keil\lib_board_eval_54607\Objects\lib_board_eval_54607.lib
Build Time Elapsed:  00:00:12
</pre>
</body>
</html>
